Archive member included to satisfy reference by file (symbol)

c:/program files (x86)/atmel/studio/7.0/toolchain/avr8/avr8-gnu-toolchain/bin/../lib/gcc/avr/5.4.0/../../../../avr/lib/avr6\libm.a(fixsfsi.o)
                              main.o (__fixsfsi)
c:/program files (x86)/atmel/studio/7.0/toolchain/avr8/avr8-gnu-toolchain/bin/../lib/gcc/avr/5.4.0/../../../../avr/lib/avr6\libm.a(fixunssfsi.o)
                              main.o (__fixunssfsi)
c:/program files (x86)/atmel/studio/7.0/toolchain/avr8/avr8-gnu-toolchain/bin/../lib/gcc/avr/5.4.0/../../../../avr/lib/avr6\libm.a(fp_split3.o)
                              c:/program files (x86)/atmel/studio/7.0/toolchain/avr8/avr8-gnu-toolchain/bin/../lib/gcc/avr/5.4.0/../../../../avr/lib/avr6\libm.a(fixunssfsi.o) (__fp_splitA)
c:/program files (x86)/atmel/studio/7.0/toolchain/avr8/avr8-gnu-toolchain/bin/../lib/gcc/avr/5.4.0/../../../../avr/lib/avr6\libm.a(fp_zero.o)
                              c:/program files (x86)/atmel/studio/7.0/toolchain/avr8/avr8-gnu-toolchain/bin/../lib/gcc/avr/5.4.0/../../../../avr/lib/avr6\libm.a(fixunssfsi.o) (__fp_zero)
../Lib_files/Stdio_lib\libserialLib.a(stdio_driver.o)
                              main.o (stdioCreate)
../Lib_files/Stdio_lib\libserialLib.a(serial.o)
                              ../Lib_files/Stdio_lib\libserialLib.a(stdio_driver.o) (serial_new_instance)
../Lib_files/Stdio_lib\libserialLib.a(fifo.o)
                              ../Lib_files/Stdio_lib\libserialLib.a(serial.o) (fifo_init)
../Lib_files/Stdio_lib\libIotLibrary.a(hih8120.o)
                              main.o (hih8120Wakeup)
../Lib_files/Stdio_lib\libIotLibrary.a(mh_z19.o)
                              main.o (mh_z19_take_meassuring)
../Lib_files/Stdio_lib\libIotLibrary.a(tsl2591.o)
                              main.o (tsl2591FetchData)
../Lib_files/Stdio_lib\libIotLibrary.a(twi.o)
                              ../Lib_files/Stdio_lib\libIotLibrary.a(hih8120.o) (twiCreate)
c:/program files (x86)/atmel/studio/7.0/toolchain/avr8/avr8-gnu-toolchain/bin/../lib/gcc/avr/5.4.0/../../../../avr/lib/avr6\libm.a(addsf3.o)
                              ../Lib_files/Stdio_lib\libserialLib.a(serial.o) (__subsf3)
c:/program files (x86)/atmel/studio/7.0/toolchain/avr8/avr8-gnu-toolchain/bin/../lib/gcc/avr/5.4.0/../../../../avr/lib/avr6\libm.a(addsf3x.o)
                              c:/program files (x86)/atmel/studio/7.0/toolchain/avr8/avr8-gnu-toolchain/bin/../lib/gcc/avr/5.4.0/../../../../avr/lib/avr6\libm.a(addsf3.o) (__addsf3x)
c:/program files (x86)/atmel/studio/7.0/toolchain/avr8/avr8-gnu-toolchain/bin/../lib/gcc/avr/5.4.0/../../../../avr/lib/avr6\libm.a(divsf3.o)
                              ../Lib_files/Stdio_lib\libserialLib.a(serial.o) (__divsf3)
c:/program files (x86)/atmel/studio/7.0/toolchain/avr8/avr8-gnu-toolchain/bin/../lib/gcc/avr/5.4.0/../../../../avr/lib/avr6\libm.a(divsf3x.o)
                              c:/program files (x86)/atmel/studio/7.0/toolchain/avr8/avr8-gnu-toolchain/bin/../lib/gcc/avr/5.4.0/../../../../avr/lib/avr6\libm.a(divsf3.o) (__divsf3x)
c:/program files (x86)/atmel/studio/7.0/toolchain/avr8/avr8-gnu-toolchain/bin/../lib/gcc/avr/5.4.0/../../../../avr/lib/avr6\libm.a(floatsisf.o)
                              ../Lib_files/Stdio_lib\libserialLib.a(serial.o) (__floatunsisf)
c:/program files (x86)/atmel/studio/7.0/toolchain/avr8/avr8-gnu-toolchain/bin/../lib/gcc/avr/5.4.0/../../../../avr/lib/avr6\libm.a(fp_inf.o)
                              c:/program files (x86)/atmel/studio/7.0/toolchain/avr8/avr8-gnu-toolchain/bin/../lib/gcc/avr/5.4.0/../../../../avr/lib/avr6\libm.a(addsf3x.o) (__fp_inf)
c:/program files (x86)/atmel/studio/7.0/toolchain/avr8/avr8-gnu-toolchain/bin/../lib/gcc/avr/5.4.0/../../../../avr/lib/avr6\libm.a(fp_nan.o)
                              c:/program files (x86)/atmel/studio/7.0/toolchain/avr8/avr8-gnu-toolchain/bin/../lib/gcc/avr/5.4.0/../../../../avr/lib/avr6\libm.a(addsf3x.o) (__fp_nan)
c:/program files (x86)/atmel/studio/7.0/toolchain/avr8/avr8-gnu-toolchain/bin/../lib/gcc/avr/5.4.0/../../../../avr/lib/avr6\libm.a(fp_pscA.o)
                              c:/program files (x86)/atmel/studio/7.0/toolchain/avr8/avr8-gnu-toolchain/bin/../lib/gcc/avr/5.4.0/../../../../avr/lib/avr6\libm.a(addsf3x.o) (__fp_pscA)
c:/program files (x86)/atmel/studio/7.0/toolchain/avr8/avr8-gnu-toolchain/bin/../lib/gcc/avr/5.4.0/../../../../avr/lib/avr6\libm.a(fp_pscB.o)
                              c:/program files (x86)/atmel/studio/7.0/toolchain/avr8/avr8-gnu-toolchain/bin/../lib/gcc/avr/5.4.0/../../../../avr/lib/avr6\libm.a(addsf3x.o) (__fp_pscB)
c:/program files (x86)/atmel/studio/7.0/toolchain/avr8/avr8-gnu-toolchain/bin/../lib/gcc/avr/5.4.0/../../../../avr/lib/avr6\libm.a(fp_round.o)
                              c:/program files (x86)/atmel/studio/7.0/toolchain/avr8/avr8-gnu-toolchain/bin/../lib/gcc/avr/5.4.0/../../../../avr/lib/avr6\libm.a(addsf3.o) (__fp_round)
[...]
Memory Configuration

Name             Origin             Length             Attributes
text             0x00000000         0x00100000         xr
data             0x00800200         0x0000fe00         rw !x
eeprom           0x00810000         0x00010000         rw !x
fuse             0x00820000         0x00000003         rw !x
lock             0x00830000         0x00000400         rw !x
signature        0x00840000         0x00000400         rw !x
user_signatures  0x00850000         0x00000400         rw !x
*default*        0x00000000         0xffffffff

Linker script and memory map

Address of section .data set to 0x800200
LOAD C:/Program Files (x86)/Atmel/Studio/7.0/Packs/atmel/ATmega_DFP/1.2.209/gcc/dev/atmega2560/avr6/crtatmega2560.o
LOAD main.o
LOAD VIA_FreeRTOS_AVRMEGA-master/FreeRTOSTraceDriver/FreeRTOSTraceDriver.o
LOAD VIA_FreeRTOS_AVRMEGA-master/src/croutine.o
LOAD VIA_FreeRTOS_AVRMEGA-master/src/event_groups.o
LOAD VIA_FreeRTOS_AVRMEGA-master/src/heap_3.o
LOAD VIA_FreeRTOS_AVRMEGA-master/src/list.o
LOAD VIA_FreeRTOS_AVRMEGA-master/src/port.o
LOAD VIA_FreeRTOS_AVRMEGA-master/src/queue.o
LOAD VIA_FreeRTOS_AVRMEGA-master/src/stream_buffer.o
LOAD VIA_FreeRTOS_AVRMEGA-master/src/tasks.o
LOAD VIA_FreeRTOS_AVRMEGA-master/src/timers.o
LOAD VIA_FreeRTOS_AVRMEGA-master/src/variantHooks.o
START GROUP
LOAD c:/program files (x86)/atmel/studio/7.0/toolchain/avr8/avr8-gnu-toolchain/bin/../lib/gcc/avr/5.4.0/../../../../avr/lib/avr6\libm.a
LOAD ../Lib_files/Stdio_lib\libserialLib.a
LOAD ../Lib_files/Stdio_lib\libIotLibrary.a
END GROUP
START GROUP
LOAD c:/program files (x86)/atmel/studio/7.0/toolchain/avr8/avr8-gnu-toolchain/bin/../lib/gcc/avr/5.4.0/avr6\libgcc.a
LOAD c:/program files (x86)/atmel/studio/7.0/toolchain/avr8/avr8-gnu-toolchain/bin/../lib/gcc/avr/5.4.0/../../../../avr/lib/avr6\libm.a
LOAD c:/program files (x86)/atmel/studio/7.0/toolchain/avr8/avr8-gnu-toolchain/bin/../lib/gcc/avr/5.4.0/../../../../avr/lib/avr6\libc.a
LOAD C:/Program Files (x86)/Atmel/Studio/7.0/Packs/atmel/ATmega_DFP/1.2.209/gcc/dev/atmega2560/avr6\libatmega2560.a
END GROUP
                0x00100000                __TEXT_REGION_LENGTH__ = DEFINED (__TEXT_REGION_LENGTH__)?__TEXT_REGION_LENGTH__:0x100000
                0x0000fe00                __DATA_REGION_LENGTH__ = DEFINED (__DATA_REGION_LENGTH__)?__DATA_REGION_LENGTH__:0xfe00
                0x00010000                __EEPROM_REGION_LENGTH__ = DEFINED (__EEPROM_REGION_LENGTH__)?__EEPROM_REGION_LENGTH__:0x10000
                [0x00000003]                __FUSE_REGION_LENGTH__ = DEFINED (__FUSE_REGION_LENGTH__)?__FUSE_REGION_LENGTH__:0x400
                0x00000400                __LOCK_REGION_LENGTH__ = DEFINED (__LOCK_REGION_LENGTH__)?__LOCK_REGION_LENGTH__:0x400
                0x00000400                __SIGNATURE_REGION_LENGTH__ = DEFINED (__SIGNATURE_REGION_LENGTH__)?__SIGNATURE_REGION_LENGTH__:0x400
                0x00000400                __USER_SIGNATURE_REGION_LENGTH__ = DEFINED (__USER_SIGNATURE_REGION_LENGTH__)?__USER_SIGNATURE_REGION_LENGTH__:0x400

.hash
 *(.hash)

.dynsym
 *(.dynsym)

.dynstr
 *(.dynstr)

.gnu.version
 *(.gnu.version)

.gnu.version_d
 *(.gnu.version_d)

.gnu.version_r
 *(.gnu.version_r)

.rel.init
 *(.rel.init)

.rela.init
 *(.rela.init)

.rel.text
 *(.rel.text)
 *(.rel.text.*)
 *(.rel.gnu.linkonce.t*)

.rela.text
 *(.rela.text)
 *(.rela.text.*)
 *(.rela.gnu.linkonce.t*)

.rel.fini
 *(.rel.fini)

.rela.fini
 *(.rela.fini)

.rel.rodata
 *(.rel.rodata)
 *(.rel.rodata.*)
 *(.rel.gnu.linkonce.r*)

.rela.rodata
 *(.rela.rodata)
 *(.rela.rodata.*)
 *(.rela.gnu.linkonce.r*)

.rel.data
 *(.rel.data)
 *(.rel.data.*)
 *(.rel.gnu.linkonce.d*)

.rela.data
 *(.rela.data)
 *(.rela.data.*)
 *(.rela.gnu.linkonce.d*)

.rel.ctors
 *(.rel.ctors)

.rela.ctors
 *(.rela.ctors)

.rel.dtors
 *(.rel.dtors)

.rela.dtors
 *(.rela.dtors)

.rel.got
 *(.rel.got)

.rela.got
 *(.rela.got)

.rel.bss
 *(.rel.bss)

.rela.bss
 *(.rela.bss)

.rel.plt
 *(.rel.plt)

.rela.plt
 *(.rela.plt)

.text           0x00000000     0x1b28
 *(.vectors)
 .vectors       0x00000000       0xe4 C:/Program Files (x86)/Atmel/Studio/7.0/Packs/atmel/ATmega_DFP/1.2.209/gcc/dev/atmega2560/avr6/crtatmega2560.o
                0x00000000                __vector_default
                0x00000000                __vectors
 *(.vectors)
 *(.progmem.gcc*)
 .progmem.gcc_sw_table.__vector_39
                0x000000e4       0xa2 ../Lib_files/Stdio_lib\libIotLibrary.a(twi.o)
                0x00000186                . = ALIGN (0x2)
                0x00000186                __trampolines_start = .
 *(.trampolines)
 .trampolines   0x00000186        0x0 linker stubs
 *(.trampolines*)
                0x00000186                __trampolines_end = .
 *libprintf_flt.a:*(.progmem.data)
 *libc.a:*(.progmem.data)
 *(.progmem*)
                0x00000186                . = ALIGN (0x2)
 *(.jumptables)
 *(.jumptables*)
 *(.lowtext)
 *(.lowtext*)
                0x00000186                __ctors_start = .
 *(.ctors)
                0x00000186                __ctors_end = .
                0x00000186                __dtors_start = .
 *(.dtors)
                0x00000186                __dtors_end = .
 SORT(*)(.ctors)
 SORT(*)(.dtors)
 *(.init0)
 .init0         0x00000186        0x0 C:/Program Files (x86)/Atmel/Studio/7.0/Packs/atmel/ATmega_DFP/1.2.209/gcc/dev/atmega2560/avr6/crtatmega2560.o
                0x00000186                __init
 *(.init0)
 *(.init1)
 *(.init1)
 *(.init2)
 .init2         0x00000186       0x10 C:/Program Files (x86)/Atmel/Studio/7.0/Packs/atmel/ATmega_DFP/1.2.209/gcc/dev/atmega2560/avr6/crtatmega2560.o
 *(.init2)
 *(.init3)
 *(.init3)
 *(.init4)
 .init4         0x00000196       0x1a c:/program files (x86)/atmel/studio/7.0/toolchain/avr8/avr8-gnu-toolchain/bin/../lib/gcc/avr/5.4.0/avr6\libgcc.a(_copy_data.o)
                0x00000196                __do_copy_data
 .init4         0x000001b0       0x10 c:/program files (x86)/atmel/studio/7.0/toolchain/avr8/avr8-gnu-toolchain/bin/../lib/gcc/avr/5.4.0/avr6\libgcc.a(_clear_bss.o)
                0x000001b0                __do_clear_bss
 *(.init4)
 *(.init5)
 *(.init5)
 *(.init6)
 *(.init6)
 *(.init7)
 *(.init7)
 *(.init8)
 *(.init8)
 *(.init9)
 .init9         0x000001c0        0x6 C:/Program Files (x86)/Atmel/Studio/7.0/Packs/atmel/ATmega_DFP/1.2.209/gcc/dev/atmega2560/avr6/crtatmega2560.o
 *(.init9)
 *(.text)
 .text          0x000001c6        0x2 C:/Program Files (x86)/Atmel/Studio/7.0/Packs/atmel/ATmega_DFP/1.2.209/gcc/dev/atmega2560/avr6/crtatmega2560.o
                0x000001c6                __vector_38
                0x000001c6                __vector_22
                0x000001c6                __vector_28
                0x000001c6                __vector_1
                0x000001c6                __vector_32
                0x000001c6                __vector_34
                0x000001c6                __vector_24
                0x000001c6                __vector_46
                0x000001c6                __bad_interrupt
                0x000001c6                __vector_6
                0x000001c6                __vector_31
                0x000001c6                __vector_35
                0x000001c6                __vector_3
                0x000001c6                __vector_23
                0x000001c6                __vector_30
                0x000001c6                __vector_45
                0x000001c6                __vector_11
                0x000001c6                __vector_13
                0x000001c6                __vector_17
                0x000001c6                __vector_19
                0x000001c6                __vector_56
                0x000001c6                __vector_7
                0x000001c6                __vector_49
                0x000001c6                __vector_41
                0x000001c6                __vector_43
                0x000001c6                __vector_27
                0x000001c6                __vector_5
                0x000001c6                __vector_33
                0x000001c6                __vector_47
                0x000001c6                __vector_4
                0x000001c6                __vector_44
                0x000001c6                __vector_9
                0x000001c6                __vector_2
                0x000001c6                __vector_21
                0x000001c6                __vector_15
                0x000001c6                __vector_29
                0x000001c6                __vector_40
                0x000001c6                __vector_8
                0x000001c6                __vector_48
                0x000001c6                __vector_14
                0x000001c6                __vector_53
                0x000001c6                __vector_10
                0x000001c6                __vector_50
                0x000001c6                __vector_16
                0x000001c6                __vector_18
                0x000001c6                __vector_20
                0x000001c6                __vector_42
                0x000001c8                . = ALIGN (0x2)
 *(.text.*)
 .text.main     0x000001c8       0x3c main.o
                0x000001c8                main
 .text.task_switch_in
                0x00000204       0x14 VIA_FreeRTOS_AVRMEGA-master/FreeRTOSTraceDriver/FreeRTOSTraceDriver.o
                0x00000204                task_switch_in
 .text.task_switch_out
                0x00000218        0xc VIA_FreeRTOS_AVRMEGA-master/FreeRTOSTraceDriver/FreeRTOSTraceDriver.o
                0x00000218                task_switch_out
 .text.vListInsertEnd
                0x00000224       0x42 VIA_FreeRTOS_AVRMEGA-master/src/list.o
                0x00000224                vListInsertEnd
 .text.uxListRemove
                0x00000266       0x4e VIA_FreeRTOS_AVRMEGA-master/src/list.o
                0x00000266                uxListRemove
 .text.vPortYieldFromTick
                0x000002b4       0xc6 VIA_FreeRTOS_AVRMEGA-master/src/port.o
                0x000002b4                vPortYieldFromTick
 .text.__vector_12
                0x0000037a        0x4 VIA_FreeRTOS_AVRMEGA-master/src/port.o
                0x0000037a                __vector_12
 .text.prvResetNextTaskUnblockTime
                0x0000037e       0x3e VIA_FreeRTOS_AVRMEGA-master/src/tasks.o
 .text.xTaskIncrementTick
                0x000003bc      0x16e VIA_FreeRTOS_AVRMEGA-master/src/tasks.o
                0x000003bc                xTaskIncrementTick
 .text.vTaskSwitchContext
                0x0000052a      0x118 VIA_FreeRTOS_AVRMEGA-master/src/tasks.o
                0x0000052a                vTaskSwitchContext
 .text.vApplicationStackOverflowHook
                0x00000642       0x1a VIA_FreeRTOS_AVRMEGA-master/src/variantHooks.o
                0x00000642                vApplicationStackOverflowHook
 .text.avr-libc.fplib
                0x0000065c       0x58 c:/program files (x86)/atmel/studio/7.0/toolchain/avr8/avr8-gnu-toolchain/bin/../lib/gcc/avr/5.4.0/../../../../avr/lib/avr6\libm.a(fixunssfsi.o)
                0x0000065c                __fixunssfsi
 .text.avr-libc.fplib
                0x000006b4       0x44 c:/program files (x86)/atmel/studio/7.0/toolchain/avr8/avr8-gnu-toolchain/bin/../lib/gcc/avr/5.4.0/../../../../avr/lib/avr6\libm.a(fp_split3.o)
                0x000006b4                __fp_split3
                0x000006c4                __fp_splitA
 .text.avr-libc.fplib
                0x000006f8        0xe c:/program files (x86)/atmel/studio/7.0/toolchain/avr8/avr8-gnu-toolchain/bin/../lib/gcc/avr/5.4.0/../../../../avr/lib/avr6\libm.a(fp_zero.o)
                0x000006f8                __fp_zero
                0x000006fa                __fp_szero
 .text.usart_getchar
                0x00000706       0x2a ../Lib_files/Stdio_lib\libserialLib.a(stdio_driver.o)
 .text.usart_putchar
                0x00000730       0x12 ../Lib_files/Stdio_lib\libserialLib.a(stdio_driver.o)
 .text.stdioCreate
                0x00000742       0x52 ../Lib_files/Stdio_lib\libserialLib.a(stdio_driver.o)
                0x00000742                stdioCreate
 .text.serial_new_instance
                0x00000794      0x12c ../Lib_files/Stdio_lib\libserialLib.a(serial.o)
                0x00000794                serial_new_instance
 .text.serial_send_byte
                0x000008c0       0x4a ../Lib_files/Stdio_lib\libserialLib.a(serial.o)
                0x000008c0                serial_send_byte
 .text.serial_get_byte
                0x0000090a       0x38 ../Lib_files/Stdio_lib\libserialLib.a(serial.o)
                0x0000090a                serial_get_byte
 .text.__vector_25
                0x00000942       0xa4 ../Lib_files/Stdio_lib\libserialLib.a(serial.o)
                0x00000942                __vector_25
 .text.__vector_26
                0x000009e6       0x88 ../Lib_files/Stdio_lib\libserialLib.a(serial.o)
                0x000009e6                __vector_26
 .text.__vector_36
                0x00000a6e       0xa4 ../Lib_files/Stdio_lib\libserialLib.a(serial.o)
                0x00000a6e                __vector_36
 .text.__vector_37
                0x00000b12       0x88 ../Lib_files/Stdio_lib\libserialLib.a(serial.o)
                0x00000b12                __vector_37
 .text.__vector_51
                0x00000b9a       0xa4 ../Lib_files/Stdio_lib\libserialLib.a(serial.o)
                0x00000b9a                __vector_51
 .text.__vector_52
                0x00000c3e       0x88 ../Lib_files/Stdio_lib\libserialLib.a(serial.o)
                0x00000c3e                __vector_52
 .text.__vector_54
                0x00000cc6       0xa4 ../Lib_files/Stdio_lib\libserialLib.a(serial.o)
                0x00000cc6                __vector_54
 .text.__vector_55
                0x00000d6a       0x88 ../Lib_files/Stdio_lib\libserialLib.a(serial.o)
                0x00000d6a                __vector_55
 .text.fifo_init
                0x00000df2       0x38 ../Lib_files/Stdio_lib\libserialLib.a(fifo.o)
                0x00000df2                fifo_init
 .text.__vector_39
                0x00000e2a      0x17a ../Lib_files/Stdio_lib\libIotLibrary.a(twi.o)
                0x00000e2a                __vector_39
 .text.avr-libc.fplib
                0x00000fa4        0xa c:/program files (x86)/atmel/studio/7.0/toolchain/avr8/avr8-gnu-toolchain/bin/../lib/gcc/avr/5.4.0/../../../../avr/lib/avr6\libm.a(addsf3.o)
                0x00000fa4                __subsf3
                0x00000fa6                __addsf3
 .text.avr-libc.fplib
                0x00000fae       0xc0 c:/program files (x86)/atmel/studio/7.0/toolchain/avr8/avr8-gnu-toolchain/bin/../lib/gcc/avr/5.4.0/../../../../avr/lib/avr6\libm.a(addsf3x.o)
                0x00000fc8                __addsf3x
 .text.avr-libc.fplib
                0x0000106e        0x4 c:/program files (x86)/atmel/studio/7.0/toolchain/avr8/avr8-gnu-toolchain/bin/../lib/gcc/avr/5.4.0/../../../../avr/lib/avr6\libm.a(divsf3.o)
                0x0000106e                __divsf3
 .text.avr-libc.fplib
                0x00001072       0xcc c:/program files (x86)/atmel/studio/7.0/toolchain/avr8/avr8-gnu-toolchain/bin/../lib/gcc/avr/5.4.0/../../../../avr/lib/avr6\libm.a(divsf3x.o)
                0x00001088                __divsf3x
                0x0000108c                __divsf3_pse
 .text.avr-libc.fplib
                0x0000113e       0x7a c:/program files (x86)/atmel/studio/7.0/toolchain/avr8/avr8-gnu-toolchain/bin/../lib/gcc/avr/5.4.0/../../../../avr/lib/avr6\libm.a(floatsisf.o)
                0x0000113e                __floatunsisf
                0x00001142                __floatsisf
 .text.avr-libc.fplib
                0x000011b8        0xc c:/program files (x86)/atmel/studio/7.0/toolchain/avr8/avr8-gnu-toolchain/bin/../lib/gcc/avr/5.4.0/../../../../avr/lib/avr6\libm.a(fp_inf.o)
                0x000011b8                __fp_inf
 .text.avr-libc.fplib
                0x000011c4        0x6 c:/program files (x86)/atmel/studio/7.0/toolchain/avr8/avr8-gnu-toolchain/bin/../lib/gcc/avr/5.4.0/../../../../avr/lib/avr6\libm.a(fp_nan.o)
                0x000011c4                __fp_nan
 .text.avr-libc.fplib
                0x000011ca        0xe c:/program files (x86)/atmel/studio/7.0/toolchain/avr8/avr8-gnu-toolchain/bin/../lib/gcc/avr/5.4.0/../../../../avr/lib/avr6\libm.a(fp_pscA.o)
                0x000011ca                __fp_pscA
 .text.avr-libc.fplib
                0x000011d8        0xe c:/program files (x86)/atmel/studio/7.0/toolchain/avr8/avr8-gnu-toolchain/bin/../lib/gcc/avr/5.4.0/../../../../avr/lib/avr6\libm.a(fp_pscB.o)
                0x000011d8                __fp_pscB
 .text.avr-libc.fplib
                0x000011e6       0x22 c:/program files (x86)/atmel/studio/7.0/toolchain/avr8/avr8-gnu-toolchain/bin/../lib/gcc/avr/5.4.0/../../../../avr/lib/avr6\libm.a(fp_round.o)
                0x000011e6                __fp_round
 .text.avr-libc.fplib
                0x00001208        0x4 c:/program files (x86)/atmel/studio/7.0/toolchain/avr8/avr8-gnu-toolchain/bin/../lib/gcc/avr/5.4.0/../../../../avr/lib/avr6\libm.a(mulsf3.o)
                0x00001208                __mulsf3
 .text.avr-libc.fplib
                0x0000120c       0xc2 c:/program files (x86)/atmel/studio/7.0/toolchain/avr8/avr8-gnu-toolchain/bin/../lib/gcc/avr/5.4.0/../../../../avr/lib/avr6\libm.a(mulsf3x.o)
                0x00001220                __mulsf3x
                0x00001224                __mulsf3_pse
 .text.libgcc   0x000012ce       0x10 c:/program files (x86)/atmel/studio/7.0/toolchain/avr8/avr8-gnu-toolchain/bin/../lib/gcc/avr/5.4.0/avr6\libgcc.a(_tablejump2.o)
                0x000012ce                __tablejump2__
 .text.avr-libc
                0x000012de       0x34 c:/program files (x86)/atmel/studio/7.0/toolchain/avr8/avr8-gnu-toolchain/bin/../lib/gcc/avr/5.4.0/../../../../avr/lib/avr6\libc.a(calloc.o)
                0x000012de                calloc
 .text.avr-libc
                0x00001312      0x242 c:/program files (x86)/atmel/studio/7.0/toolchain/avr8/avr8-gnu-toolchain/bin/../lib/gcc/avr/5.4.0/../../../../avr/lib/avr6\libc.a(malloc.o)
                0x00001312                malloc
                0x00001442                free
 .text.avr-libc
                0x00001554        0x8 c:/program files (x86)/atmel/studio/7.0/toolchain/avr8/avr8-gnu-toolchain/bin/../lib/gcc/avr/5.4.0/../../../../avr/lib/avr6\libc.a(abort.o)
                0x00001554                abort
 .text.avr-libc
                0x0000155c        0xe c:/program files (x86)/atmel/studio/7.0/toolchain/avr8/avr8-gnu-toolchain/bin/../lib/gcc/avr/5.4.0/../../../../avr/lib/avr6\libc.a(memset.o)
                0x0000155c                memset
 .text.avr-libc
                0x0000156a       0x60 c:/program files (x86)/atmel/studio/7.0/toolchain/avr8/avr8-gnu-toolchain/bin/../lib/gcc/avr/5.4.0/../../../../avr/lib/avr6\libc.a(puts.o)
                0x0000156a                puts
 .text.avr-libc
                0x000015ca      0x3fa c:/program files (x86)/atmel/studio/7.0/toolchain/avr8/avr8-gnu-toolchain/bin/../lib/gcc/avr/5.4.0/../../../../avr/lib/avr6\libc.a(vfprintf_std.o)
                0x000015ca                vfprintf
 .text.avr-libc
                0x000019c4       0x16 c:/program files (x86)/atmel/studio/7.0/toolchain/avr8/avr8-gnu-toolchain/bin/../lib/gcc/avr/5.4.0/../../../../avr/lib/avr6\libc.a(strnlen_P.o)
                0x000019c4                strnlen_P
 .text.avr-libc
                0x000019da       0x16 c:/program files (x86)/atmel/studio/7.0/toolchain/avr8/avr8-gnu-toolchain/bin/../lib/gcc/avr/5.4.0/../../../../avr/lib/avr6\libc.a(strnlen.o)
                0x000019da                strnlen
 .text.avr-libc
                0x000019f0       0x78 c:/program files (x86)/atmel/studio/7.0/toolchain/avr8/avr8-gnu-toolchain/bin/../lib/gcc/avr/5.4.0/../../../../avr/lib/avr6\libc.a(fputc.o)
                0x000019f0                fputc
 .text.avr-libc
                0x00001a68       0xbc c:/program files (x86)/atmel/studio/7.0/toolchain/avr8/avr8-gnu-toolchain/bin/../lib/gcc/avr/5.4.0/../../../../avr/lib/avr6\libc.a(ultoa_invert.o)
                0x00001a68                __ultoa_invert
                0x00001b24                . = ALIGN (0x2)
 *(.fini9)
 .fini9         0x00001b24        0x0 c:/program files (x86)/atmel/studio/7.0/toolchain/avr8/avr8-gnu-toolchain/bin/../lib/gcc/avr/5.4.0/avr6\libgcc.a(_exit.o)
                0x00001b24                _exit
                0x00001b24                exit
 *(.fini9)
 *(.fini8)
 *(.fini8)
 *(.fini7)
 *(.fini7)
 *(.fini6)
 *(.fini6)
 *(.fini5)
 *(.fini5)
 *(.fini4)
 *(.fini4)
 *(.fini3)
 *(.fini3)
 *(.fini2)
 *(.fini2)
 *(.fini1)
 *(.fini1)
 *(.fini0)
 .fini0         0x00001b24        0x4 c:/program files (x86)/atmel/studio/7.0/toolchain/avr8/avr8-gnu-toolchain/bin/../lib/gcc/avr/5.4.0/avr6\libgcc.a(_exit.o)
 *(.fini0)
                0x00001b28                _etext = .

.data           0x00800200       0xd6 load address 0x00001b28
                0x00800200                PROVIDE (__data_start, .)
 *(.data)
 .data          0x00800200        0x6 c:/program files (x86)/atmel/studio/7.0/toolchain/avr8/avr8-gnu-toolchain/bin/../lib/gcc/avr/5.4.0/../../../../avr/lib/avr6\libc.a(malloc.o)
                0x00800200                __malloc_heap_end
                0x00800202                __malloc_heap_start
                0x00800204                __malloc_margin
 *(.data*)
 .data.mystdout.1881
                0x00800206        0xe ../Lib_files/Stdio_lib\libserialLib.a(stdio_driver.o)
 .data._com_port_2_udr
                0x00800214        0x8 ../Lib_files/Stdio_lib\libserialLib.a(serial.o)
                0x00800214                _com_port_2_udr
 .data._twiCurrentState
                0x0080021c        0x1 ../Lib_files/Stdio_lib\libIotLibrary.a(twi.o)
 *(.gnu.linkonce.d*)
 *(.rodata)
 *(.rodata*)
 .rodata.str1.1
                0x0080021d       0xb8 main.o
 *(.gnu.linkonce.r*)
                0x008002d6                . = ALIGN (0x2)
 *fill*         0x008002d5        0x1 
                0x008002d6                _edata = .
                0x008002d6                PROVIDE (__data_end, .)

.bss            0x008002d6       0x55
                0x008002d6                PROVIDE (__bss_start, .)
 *(.bss)
 *(.bss*)
 .bss.uxSchedulerSuspended
                0x008002d6        0x1 VIA_FreeRTOS_AVRMEGA-master/src/tasks.o
 .bss.xNextTaskUnblockTime
                0x008002d7        0x2 VIA_FreeRTOS_AVRMEGA-master/src/tasks.o
 .bss.xNumOfOverflows
                0x008002d9        0x1 VIA_FreeRTOS_AVRMEGA-master/src/tasks.o
 .bss.xYieldPending
                0x008002da        0x1 VIA_FreeRTOS_AVRMEGA-master/src/tasks.o
 .bss.uxPendedTicks
                0x008002db        0x1 VIA_FreeRTOS_AVRMEGA-master/src/tasks.o
 .bss.uxTopReadyPriority
                0x008002dc        0x1 VIA_FreeRTOS_AVRMEGA-master/src/tasks.o
 .bss.xTickCount
                0x008002dd        0x2 VIA_FreeRTOS_AVRMEGA-master/src/tasks.o
 .bss.pxOverflowDelayedTaskList
                0x008002df        0x2 VIA_FreeRTOS_AVRMEGA-master/src/tasks.o
 .bss.pxDelayedTaskList
                0x008002e1        0x2 VIA_FreeRTOS_AVRMEGA-master/src/tasks.o
 .bss.pxReadyTasksLists
                0x008002e3       0x24 VIA_FreeRTOS_AVRMEGA-master/src/tasks.o
 .bss.pxCurrentTCB
                0x00800307        0x2 VIA_FreeRTOS_AVRMEGA-master/src/tasks.o
                0x00800307                pxCurrentTCB
 .bss._com_serial_instance
                0x00800309        0x2 ../Lib_files/Stdio_lib\libserialLib.a(stdio_driver.o)
 .bss._ser_handle
                0x0080030b        0x8 ../Lib_files/Stdio_lib\libserialLib.a(serial.o)
 .bss._index.1885
                0x00800313        0x1 ../Lib_files/Stdio_lib\libIotLibrary.a(twi.o)
 .bss._twiCurrentHandler
                0x00800314        0x2 ../Lib_files/Stdio_lib\libIotLibrary.a(twi.o)
 .bss._twiMessageLen
                0x00800316        0x1 ../Lib_files/Stdio_lib\libIotLibrary.a(twi.o)
 .bss._twiMessageBuffer
                0x00800317        0xa ../Lib_files/Stdio_lib\libIotLibrary.a(twi.o)
 *(COMMON)
 COMMON         0x00800321        0x4 c:/program files (x86)/atmel/studio/7.0/toolchain/avr8/avr8-gnu-toolchain/bin/../lib/gcc/avr/5.4.0/../../../../avr/lib/avr6\libc.a(malloc.o)
                0x00800321                __brkval
                0x00800323                __flp
 COMMON         0x00800325        0x6 c:/program files (x86)/atmel/studio/7.0/toolchain/avr8/avr8-gnu-toolchain/bin/../lib/gcc/avr/5.4.0/../../../../avr/lib/avr6\libc.a(iob.o)
                0x00800325                __iob
                0x0080032b                PROVIDE (__bss_end, .)
                0x00001b28                __data_load_start = LOADADDR (.data)
                0x00001bfe                __data_load_end = (__data_load_start + SIZEOF (.data))

.noinit         0x0080032b        0x0
                [!provide]                PROVIDE (__noinit_start, .)
 *(.noinit*)
                [!provide]                PROVIDE (__noinit_end, .)
                0x0080032b                _end = .
                0x0080032b                PROVIDE (__heap_start, .)

.eeprom         0x00810000        0x0
 *(.eeprom*)
                0x00810000                __eeprom_end = .

.fuse
 *(.fuse)
 *(.lfuse)
 *(.hfuse)
 *(.efuse)

.lock
 *(.lock*)

.signature
 *(.signature*)

.user_signatures
 *(.user_signatures*)

.stab
 *(.stab)

.stabstr
 *(.stabstr)

.stab.excl
 *(.stab.excl)

.stab.exclstr
 *(.stab.exclstr)

.stab.index
 *(.stab.index)

.stab.indexstr
 *(.stab.indexstr)

.comment        0x00000000       0x5c
 *(.comment)
 .comment       0x00000000       0x30 main.o
                                 0x31 (size before relaxing)
 .comment       0x00000030       0x31 VIA_FreeRTOS_AVRMEGA-master/FreeRTOSTraceDriver/FreeRTOSTraceDriver.o
 .comment       0x00000030       0x31 VIA_FreeRTOS_AVRMEGA-master/src/list.o
 .comment       0x00000030       0x31 VIA_FreeRTOS_AVRMEGA-master/src/port.o
 .comment       0x00000030       0x31 VIA_FreeRTOS_AVRMEGA-master/src/tasks.o
 .comment       0x00000030       0x31 VIA_FreeRTOS_AVRMEGA-master/src/variantHooks.o
 .comment       0x00000030       0x31 ../Lib_files/Stdio_lib\libserialLib.a(stdio_driver.o)
 .comment       0x00000030       0x31 ../Lib_files/Stdio_lib\libserialLib.a(serial.o)
 .comment       0x00000030       0x31 ../Lib_files/Stdio_lib\libserialLib.a(fifo.o)
 .comment       0x00000030       0x31 ../Lib_files/Stdio_lib\libIotLibrary.a(twi.o)
 .comment       0x00000030       0x31 c:/program files (x86)/atmel/studio/7.0/toolchain/avr8/avr8-gnu-toolchain/bin/../lib/gcc/avr/5.4.0/../../../../avr/lib/avr6\libc.a(calloc.o)
 .comment       0x00000030       0x31 c:/program files (x86)/atmel/studio/7.0/toolchain/avr8/avr8-gnu-toolchain/bin/../lib/gcc/avr/5.4.0/../../../../avr/lib/avr6\libc.a(malloc.o)
 .comment       0x00000030       0x31 c:/program files (x86)/atmel/studio/7.0/toolchain/avr8/avr8-gnu-toolchain/bin/../lib/gcc/avr/5.4.0/../../../../avr/lib/avr6\libc.a(iob.o)
 .comment       0x00000030       0x31 c:/program files (x86)/atmel/studio/7.0/toolchain/avr8/avr8-gnu-toolchain/bin/../lib/gcc/avr/5.4.0/../../../../avr/lib/avr6\libc.a(puts.o)
 .comment       0x00000030       0x2c c:/program files (x86)/atmel/studio/7.0/toolchain/avr8/avr8-gnu-toolchain/bin/../lib/gcc/avr/5.4.0/../../../../avr/lib/avr6\libc.a(vfprintf_std.o)
                                 0x2d (size before relaxing)
 .comment       0x0000005c       0x31 c:/program files (x86)/atmel/studio/7.0/toolchain/avr8/avr8-gnu-toolchain/bin/../lib/gcc/avr/5.4.0/../../../../avr/lib/avr6\libc.a(fputc.o)

.note.gnu.avr.deviceinfo
                0x00000000       0x40
 .note.gnu.avr.deviceinfo
                0x00000000       0x40 C:/Program Files (x86)/Atmel/Studio/7.0/Packs/atmel/ATmega_DFP/1.2.209/gcc/dev/atmega2560/avr6/crtatmega2560.o

.note.gnu.build-id
 *(.note.gnu.build-id)

.debug
 *(.debug)

.line
 *(.line)

.debug_srcinfo
 *(.debug_srcinfo)

.debug_sfnames
 *(.debug_sfnames)

.debug_aranges  0x00000000      0x448
 *(.debug_aranges)
 .debug_aranges
                0x00000000       0x50 main.o
 .debug_aranges
                0x00000050       0x30 VIA_FreeRTOS_AVRMEGA-master/FreeRTOSTraceDriver/FreeRTOSTraceDriver.o
 .debug_aranges
                0x00000080       0x40 VIA_FreeRTOS_AVRMEGA-master/src/list.o
 .debug_aranges
                0x000000c0       0x48 VIA_FreeRTOS_AVRMEGA-master/src/port.o
 .debug_aranges
                0x00000108      0x1d8 VIA_FreeRTOS_AVRMEGA-master/src/tasks.o
 .debug_aranges
                0x000002e0       0x30 VIA_FreeRTOS_AVRMEGA-master/src/variantHooks.o
 .debug_aranges
                0x00000310       0x38 ../Lib_files/Stdio_lib\libserialLib.a(stdio_driver.o)
 .debug_aranges
                0x00000348       0x90 ../Lib_files/Stdio_lib\libserialLib.a(serial.o)
 .debug_aranges
                0x000003d8       0x20 ../Lib_files/Stdio_lib\libserialLib.a(fifo.o)
 .debug_aranges
                0x000003f8       0x50 ../Lib_files/Stdio_lib\libIotLibrary.a(twi.o)

.debug_pubnames
 *(.debug_pubnames)

.debug_info     0x00000000     0x5add
 *(.debug_info .gnu.linkonce.wi.*)
 .debug_info    0x00000000      0xbbc C:/Program Files (x86)/Atmel/Studio/7.0/Packs/atmel/ATmega_DFP/1.2.209/gcc/dev/atmega2560/avr6/crtatmega2560.o
 .debug_info    0x00000bbc      0x714 main.o
 .debug_info    0x000012d0       0xd3 VIA_FreeRTOS_AVRMEGA-master/FreeRTOSTraceDriver/FreeRTOSTraceDriver.o
 .debug_info    0x000013a3      0x2df VIA_FreeRTOS_AVRMEGA-master/src/list.o
 .debug_info    0x00001682      0x284 VIA_FreeRTOS_AVRMEGA-master/src/port.o
 .debug_info    0x00001906     0x27ae VIA_FreeRTOS_AVRMEGA-master/src/tasks.o
 .debug_info    0x000040b4      0x1ba VIA_FreeRTOS_AVRMEGA-master/src/variantHooks.o
 .debug_info    0x0000426e      0x39c ../Lib_files/Stdio_lib\libserialLib.a(stdio_driver.o)
 .debug_info    0x0000460a      0xdb3 ../Lib_files/Stdio_lib\libserialLib.a(serial.o)
 .debug_info    0x000053bd      0x1c3 ../Lib_files/Stdio_lib\libserialLib.a(fifo.o)
 .debug_info    0x00005580      0x55d ../Lib_files/Stdio_lib\libIotLibrary.a(twi.o)

.debug_abbrev   0x00000000     0x1cfa
 *(.debug_abbrev)
 .debug_abbrev  0x00000000      0xb1a C:/Program Files (x86)/Atmel/Studio/7.0/Packs/atmel/ATmega_DFP/1.2.209/gcc/dev/atmega2560/avr6/crtatmega2560.o
 .debug_abbrev  0x00000b1a      0x27c main.o
 .debug_abbrev  0x00000d96       0x92 VIA_FreeRTOS_AVRMEGA-master/FreeRTOSTraceDriver/FreeRTOSTraceDriver.o
 .debug_abbrev  0x00000e28       0xff VIA_FreeRTOS_AVRMEGA-master/src/list.o
 .debug_abbrev  0x00000f27      0x158 VIA_FreeRTOS_AVRMEGA-master/src/port.o
 .debug_abbrev  0x0000107f      0x359 VIA_FreeRTOS_AVRMEGA-master/src/tasks.o
 .debug_abbrev  0x000013d8      0x101 VIA_FreeRTOS_AVRMEGA-master/src/variantHooks.o
 .debug_abbrev  0x000014d9      0x1be ../Lib_files/Stdio_lib\libserialLib.a(stdio_driver.o)
 .debug_abbrev  0x00001697      0x364 ../Lib_files/Stdio_lib\libserialLib.a(serial.o)
 .debug_abbrev  0x000019fb       0xe8 ../Lib_files/Stdio_lib\libserialLib.a(fifo.o)
 .debug_abbrev  0x00001ae3      0x217 ../Lib_files/Stdio_lib\libIotLibrary.a(twi.o)

.debug_line     0x00000000     0x2f17
 *(.debug_line .debug_line.* .debug_line_end)
 .debug_line    0x00000000      0x1f9 C:/Program Files (x86)/Atmel/Studio/7.0/Packs/atmel/ATmega_DFP/1.2.209/gcc/dev/atmega2560/avr6/crtatmega2560.o
 .debug_line    0x000001f9      0x393 main.o
 .debug_line    0x0000058c      0x110 VIA_FreeRTOS_AVRMEGA-master/FreeRTOSTraceDriver/FreeRTOSTraceDriver.o
 .debug_line    0x0000069c      0x1ed VIA_FreeRTOS_AVRMEGA-master/src/list.o
 .debug_line    0x00000889      0x325 VIA_FreeRTOS_AVRMEGA-master/src/port.o
 .debug_line    0x00000bae     0x1669 VIA_FreeRTOS_AVRMEGA-master/src/tasks.o
 .debug_line    0x00002217      0x19d VIA_FreeRTOS_AVRMEGA-master/src/variantHooks.o
 .debug_line    0x000023b4      0x12f ../Lib_files/Stdio_lib\libserialLib.a(stdio_driver.o)
 .debug_line    0x000024e3      0x620 ../Lib_files/Stdio_lib\libserialLib.a(serial.o)
 .debug_line    0x00002b03      0x10e ../Lib_files/Stdio_lib\libserialLib.a(fifo.o)
 .debug_line    0x00002c11      0x306 ../Lib_files/Stdio_lib\libIotLibrary.a(twi.o)

.debug_frame    0x00000000      0xe70
 *(.debug_frame)
 .debug_frame   0x00000000       0xf8 main.o
 .debug_frame   0x000000f8       0x44 VIA_FreeRTOS_AVRMEGA-master/FreeRTOSTraceDriver/FreeRTOSTraceDriver.o
 .debug_frame   0x0000013c       0x88 VIA_FreeRTOS_AVRMEGA-master/src/list.o
 .debug_frame   0x000001c4       0x74 VIA_FreeRTOS_AVRMEGA-master/src/port.o
 .debug_frame   0x00000238      0x69c VIA_FreeRTOS_AVRMEGA-master/src/tasks.o
 .debug_frame   0x000008d4       0x44 VIA_FreeRTOS_AVRMEGA-master/src/variantHooks.o
 .debug_frame   0x00000918       0x84 ../Lib_files/Stdio_lib\libserialLib.a(stdio_driver.o)
 .debug_frame   0x0000099c      0x384 ../Lib_files/Stdio_lib\libserialLib.a(serial.o)
 .debug_frame   0x00000d20       0x24 ../Lib_files/Stdio_lib\libserialLib.a(fifo.o)
 .debug_frame   0x00000d44      0x12c ../Lib_files/Stdio_lib\libIotLibrary.a(twi.o)

.debug_str      0x00000000     0x235f
 *(.debug_str)
 .debug_str     0x00000000      0x3e6 C:/Program Files (x86)/Atmel/Studio/7.0/Packs/atmel/ATmega_DFP/1.2.209/gcc/dev/atmega2560/avr6/crtatmega2560.o
 .debug_str     0x000003e6      0x4d0 main.o
                                0x50e (size before relaxing)
 .debug_str     0x000008b6       0x7b VIA_FreeRTOS_AVRMEGA-master/FreeRTOSTraceDriver/FreeRTOSTraceDriver.o
                                0x1da (size before relaxing)
 .debug_str     0x00000931      0x152 VIA_FreeRTOS_AVRMEGA-master/src/list.o
                                0x2d7 (size before relaxing)
 .debug_str     0x00000a83      0x136 VIA_FreeRTOS_AVRMEGA-master/src/port.o
                                0x2c4 (size before relaxing)
 .debug_str     0x00000bb9      0xdc1 VIA_FreeRTOS_AVRMEGA-master/src/tasks.o
                               0x1178 (size before relaxing)
 .debug_str     0x0000197a       0x4f VIA_FreeRTOS_AVRMEGA-master/src/variantHooks.o
                                0x26b (size before relaxing)
 .debug_str     0x000019c9      0x23e ../Lib_files/Stdio_lib\libserialLib.a(stdio_driver.o)
                                0x37b (size before relaxing)
 .debug_str     0x00001c07      0x2f7 ../Lib_files/Stdio_lib\libserialLib.a(serial.o)
                                0x63c (size before relaxing)
 .debug_str     0x00001efe       0x15 ../Lib_files/Stdio_lib\libserialLib.a(fifo.o)
                                0x23a (size before relaxing)
 .debug_str     0x00001f13      0x44c ../Lib_files/Stdio_lib\libIotLibrary.a(twi.o)
                                0x5a8 (size before relaxing)

.debug_loc      0x00000000     0x51a1
 *(.debug_loc)
 .debug_loc     0x00000000      0x5a6 main.o
 .debug_loc     0x000005a6       0x42 VIA_FreeRTOS_AVRMEGA-master/FreeRTOSTraceDriver/FreeRTOSTraceDriver.o
 .debug_loc     0x000005e8      0x145 VIA_FreeRTOS_AVRMEGA-master/src/list.o
 .debug_loc     0x0000072d      0x2af VIA_FreeRTOS_AVRMEGA-master/src/port.o
 .debug_loc     0x000009dc     0x2e78 VIA_FreeRTOS_AVRMEGA-master/src/tasks.o
 .debug_loc     0x00003854       0xb6 VIA_FreeRTOS_AVRMEGA-master/src/variantHooks.o
 .debug_loc     0x0000390a      0x144 ../Lib_files/Stdio_lib\libserialLib.a(stdio_driver.o)
 .debug_loc     0x00003a4e     0x1080 ../Lib_files/Stdio_lib\libserialLib.a(serial.o)
 .debug_loc     0x00004ace      0x15e ../Lib_files/Stdio_lib\libserialLib.a(fifo.o)
 .debug_loc     0x00004c2c      0x575 ../Lib_files/Stdio_lib\libIotLibrary.a(twi.o)

.debug_macinfo
 *(.debug_macinfo)

.debug_weaknames
 *(.debug_weaknames)

.debug_funcnames
 *(.debug_funcnames)

.debug_typenames
 *(.debug_typenames)

.debug_varnames
 *(.debug_varnames)

.debug_pubtypes
 *(.debug_pubtypes)

.debug_ranges   0x00000000      0x438
 *(.debug_ranges)
 .debug_ranges  0x00000000       0x40 main.o
 .debug_ranges  0x00000040       0x20 VIA_FreeRTOS_AVRMEGA-master/FreeRTOSTraceDriver/FreeRTOSTraceDriver.o
 .debug_ranges  0x00000060       0x30 VIA_FreeRTOS_AVRMEGA-master/src/list.o
 .debug_ranges  0x00000090       0x38 VIA_FreeRTOS_AVRMEGA-master/src/port.o
 .debug_ranges  0x000000c8      0x240 VIA_FreeRTOS_AVRMEGA-master/src/tasks.o
 .debug_ranges  0x00000308       0x20 VIA_FreeRTOS_AVRMEGA-master/src/variantHooks.o
 .debug_ranges  0x00000328       0x28 ../Lib_files/Stdio_lib\libserialLib.a(stdio_driver.o)
 .debug_ranges  0x00000350       0x98 ../Lib_files/Stdio_lib\libserialLib.a(serial.o)
 .debug_ranges  0x000003e8       0x10 ../Lib_files/Stdio_lib\libserialLib.a(fifo.o)
 .debug_ranges  0x000003f8       0x40 ../Lib_files/Stdio_lib\libIotLibrary.a(twi.o)

.debug_macro
 *(.debug_macro)
OUTPUT(app.elf elf32-avr)
LOAD linker stubs
