Archive member included to satisfy reference by file (symbol)

c:/program files (x86)/atmel/studio/7.0/toolchain/avr8/avr8-gnu-toolchain/bin/../lib/gcc/avr/5.4.0/../../../../avr/lib/avr6\libm.a(fixsfsi.o)
                              main.o (__fixsfsi)
c:/program files (x86)/atmel/studio/7.0/toolchain/avr8/avr8-gnu-toolchain/bin/../lib/gcc/avr/5.4.0/../../../../avr/lib/avr6\libm.a(fixunssfsi.o)
                              main.o (__fixunssfsi)
c:/program files (x86)/atmel/studio/7.0/toolchain/avr8/avr8-gnu-toolchain/bin/../lib/gcc/avr/5.4.0/../../../../avr/lib/avr6\libm.a(fp_split3.o)
                              c:/program files (x86)/atmel/studio/7.0/toolchain/avr8/avr8-gnu-toolchain/bin/../lib/gcc/avr/5.4.0/../../../../avr/lib/avr6\libm.a(fixunssfsi.o) (__fp_splitA)
c:/program files (x86)/atmel/studio/7.0/toolchain/avr8/avr8-gnu-toolchain/bin/../lib/gcc/avr/5.4.0/../../../../avr/lib/avr6\libm.a(fp_zero.o)
                              c:/program files (x86)/atmel/studio/7.0/toolchain/avr8/avr8-gnu-toolchain/bin/../lib/gcc/avr/5.4.0/../../../../avr/lib/avr6\libm.a(fixunssfsi.o) (__fp_zero)
../Lib_files/Stdio_lib\libserialLib.a(stdio_driver.o)
                              main.o (stdioCreate)
../Lib_files/Stdio_lib\libserialLib.a(serial.o)
                              ../Lib_files/Stdio_lib\libserialLib.a(stdio_driver.o) (serial_new_instance)
../Lib_files/Stdio_lib\libserialLib.a(fifo.o)
                              ../Lib_files/Stdio_lib\libserialLib.a(serial.o) (fifo_init)
../Lib_files/Stdio_lib\libIotLibrary.a(hal.o)
                              main.o (hal_create)
../Lib_files/Stdio_lib\libIotLibrary.a(hih8120.o)
                              main.o (hih8120Create)
../Lib_files/Stdio_lib\libIotLibrary.a(led.o)
                              ../Lib_files/Stdio_lib\libIotLibrary.a(hal.o) (led_create)
../Lib_files/Stdio_lib\libIotLibrary.a(lora_driver.o)
                              main.o (lora_driver_flush_buffers)
../Lib_files/Stdio_lib\libIotLibrary.a(lora_driver_utils.o)
                              ../Lib_files/Stdio_lib\libIotLibrary.a(lora_driver.o) (decode_port_no)
../Lib_files/Stdio_lib\libIotLibrary.a(mega_register_access.o)
                              ../Lib_files/Stdio_lib\libIotLibrary.a(hal.o) (reg_read_register)
../Lib_files/Stdio_lib\libIotLibrary.a(mh_z19.o)
                              main.o (mh_z19_create)
../Lib_files/Stdio_lib\libIotLibrary.a(rcServo.o)
                              main.o (rcServoSet)
../Lib_files/Stdio_lib\libIotLibrary.a(tsl2591.o)
                              main.o (tsl2591Create)
../Lib_files/Stdio_lib\libIotLibrary.a(twi.o)
                              ../Lib_files/Stdio_lib\libIotLibrary.a(hih8120.o) (twiCreate)
c:/program files (x86)/atmel/studio/7.0/toolchain/avr8/avr8-gnu-toolchain/bin/../lib/gcc/avr/5.4.0/../../../../avr/lib/avr6\libm.a(addsf3.o)
                              ../Lib_files/Stdio_lib\libserialLib.a(serial.o) (__subsf3)
c:/program files (x86)/atmel/studio/7.0/toolchain/avr8/avr8-gnu-toolchain/bin/../lib/gcc/avr/5.4.0/../../../../avr/lib/avr6\libm.a(addsf3x.o)
                              c:/program files (x86)/atmel/studio/7.0/toolchain/avr8/avr8-gnu-toolchain/bin/../lib/gcc/avr/5.4.0/../../../../avr/lib/avr6\libm.a(addsf3.o) (__addsf3x)
c:/program files (x86)/atmel/studio/7.0/toolchain/avr8/avr8-gnu-toolchain/bin/../lib/gcc/avr/5.4.0/../../../../avr/lib/avr6\libm.a(divsf3.o)
                              ../Lib_files/Stdio_lib\libserialLib.a(serial.o) (__divsf3)
c:/program files (x86)/atmel/studio/7.0/toolchain/avr8/avr8-gnu-toolchain/bin/../lib/gcc/avr/5.4.0/../../../../avr/lib/avr6\libm.a(divsf3x.o)
                              c:/program files (x86)/atmel/studio/7.0/toolchain/avr8/avr8-gnu-toolchain/bin/../lib/gcc/avr/5.4.0/../../../../avr/lib/avr6\libm.a(divsf3.o) (__divsf3x)
c:/program files (x86)/atmel/studio/7.0/toolchain/avr8/avr8-gnu-toolchain/bin/../lib/gcc/avr/5.4.0/../../../../avr/lib/avr6\libm.a(floatsisf.o)
                              ../Lib_files/Stdio_lib\libserialLib.a(serial.o) (__floatunsisf)
c:/program files (x86)/atmel/studio/7.0/toolchain/avr8/avr8-gnu-toolchain/bin/../lib/gcc/avr/5.4.0/../../../../avr/lib/avr6\libm.a(fp_inf.o)
                              c:/program files (x86)/atmel/studio/7.0/toolchain/avr8/avr8-gnu-toolchain/bin/../lib/gcc/avr/5.4.0/../../../../avr/lib/avr6\libm.a(addsf3x.o) (__fp_inf)
c:/program files (x86)/atmel/studio/7.0/toolchain/avr8/avr8-gnu-toolchain/bin/../lib/gcc/avr/5.4.0/../../../../avr/lib/avr6\libm.a(fp_nan.o)
                              c:/program files (x86)/atmel/studio/7.0/toolchain/avr8/avr8-gnu-toolchain/bin/../lib/gcc/avr/5.4.0/../../../../avr/lib/avr6\libm.a(addsf3x.o) (__fp_nan)
c:/program files (x86)/atmel/studio/7.0/toolchain/avr8/avr8-gnu-toolchain/bin/../lib/gcc/avr/5.4.0/../../../../avr/lib/avr6\libm.a(fp_pscA.o)
[...]
Memory Configuration

Name             Origin             Length             Attributes
text             0x00000000         0x00100000         xr
data             0x00800200         0x0000fe00         rw !x
eeprom           0x00810000         0x00010000         rw !x
fuse             0x00820000         0x00000003         rw !x
lock             0x00830000         0x00000400         rw !x
signature        0x00840000         0x00000400         rw !x
user_signatures  0x00850000         0x00000400         rw !x
*default*        0x00000000         0xffffffff

Linker script and memory map

Address of section .data set to 0x800200
LOAD C:/Program Files (x86)/Atmel/Studio/7.0/Packs/atmel/ATmega_DFP/1.2.209/gcc/dev/atmega2560/avr6/crtatmega2560.o
LOAD main.o
LOAD VIA_FreeRTOS_AVRMEGA-master/FreeRTOSTraceDriver/FreeRTOSTraceDriver.o
LOAD VIA_FreeRTOS_AVRMEGA-master/src/croutine.o
LOAD VIA_FreeRTOS_AVRMEGA-master/src/event_groups.o
LOAD VIA_FreeRTOS_AVRMEGA-master/src/heap_3.o
LOAD VIA_FreeRTOS_AVRMEGA-master/src/list.o
LOAD VIA_FreeRTOS_AVRMEGA-master/src/port.o
LOAD VIA_FreeRTOS_AVRMEGA-master/src/queue.o
LOAD VIA_FreeRTOS_AVRMEGA-master/src/stream_buffer.o
LOAD VIA_FreeRTOS_AVRMEGA-master/src/tasks.o
LOAD VIA_FreeRTOS_AVRMEGA-master/src/timers.o
LOAD VIA_FreeRTOS_AVRMEGA-master/src/variantHooks.o
START GROUP
LOAD c:/program files (x86)/atmel/studio/7.0/toolchain/avr8/avr8-gnu-toolchain/bin/../lib/gcc/avr/5.4.0/../../../../avr/lib/avr6\libm.a
LOAD ../Lib_files/Stdio_lib\libserialLib.a
LOAD ../Lib_files/Stdio_lib\libIotLibrary.a
END GROUP
START GROUP
LOAD c:/program files (x86)/atmel/studio/7.0/toolchain/avr8/avr8-gnu-toolchain/bin/../lib/gcc/avr/5.4.0/avr6\libgcc.a
LOAD c:/program files (x86)/atmel/studio/7.0/toolchain/avr8/avr8-gnu-toolchain/bin/../lib/gcc/avr/5.4.0/../../../../avr/lib/avr6\libm.a
LOAD c:/program files (x86)/atmel/studio/7.0/toolchain/avr8/avr8-gnu-toolchain/bin/../lib/gcc/avr/5.4.0/../../../../avr/lib/avr6\libc.a
LOAD C:/Program Files (x86)/Atmel/Studio/7.0/Packs/atmel/ATmega_DFP/1.2.209/gcc/dev/atmega2560/avr6\libatmega2560.a
END GROUP
                0x00100000                __TEXT_REGION_LENGTH__ = DEFINED (__TEXT_REGION_LENGTH__)?__TEXT_REGION_LENGTH__:0x100000
                0x0000fe00                __DATA_REGION_LENGTH__ = DEFINED (__DATA_REGION_LENGTH__)?__DATA_REGION_LENGTH__:0xfe00
                0x00010000                __EEPROM_REGION_LENGTH__ = DEFINED (__EEPROM_REGION_LENGTH__)?__EEPROM_REGION_LENGTH__:0x10000
                [0x00000003]                __FUSE_REGION_LENGTH__ = DEFINED (__FUSE_REGION_LENGTH__)?__FUSE_REGION_LENGTH__:0x400
                0x00000400                __LOCK_REGION_LENGTH__ = DEFINED (__LOCK_REGION_LENGTH__)?__LOCK_REGION_LENGTH__:0x400
                0x00000400                __SIGNATURE_REGION_LENGTH__ = DEFINED (__SIGNATURE_REGION_LENGTH__)?__SIGNATURE_REGION_LENGTH__:0x400
                0x00000400                __USER_SIGNATURE_REGION_LENGTH__ = DEFINED (__USER_SIGNATURE_REGION_LENGTH__)?__USER_SIGNATURE_REGION_LENGTH__:0x400

.hash
 *(.hash)

.dynsym
 *(.dynsym)

.dynstr
 *(.dynstr)

.gnu.version
 *(.gnu.version)

.gnu.version_d
 *(.gnu.version_d)

.gnu.version_r
 *(.gnu.version_r)

.rel.init
 *(.rel.init)

.rela.init
 *(.rela.init)

.rel.text
 *(.rel.text)
 *(.rel.text.*)
 *(.rel.gnu.linkonce.t*)

.rela.text
 *(.rela.text)
 *(.rela.text.*)
 *(.rela.gnu.linkonce.t*)

.rel.fini
 *(.rel.fini)

.rela.fini
 *(.rela.fini)

.rel.rodata
 *(.rel.rodata)
 *(.rel.rodata.*)
 *(.rel.gnu.linkonce.r*)

.rela.rodata
 *(.rela.rodata)
 *(.rela.rodata.*)
 *(.rela.gnu.linkonce.r*)

.rel.data
 *(.rel.data)
 *(.rel.data.*)
 *(.rel.gnu.linkonce.d*)

.rela.data
 *(.rela.data)
 *(.rela.data.*)
 *(.rela.gnu.linkonce.d*)

.rel.ctors
 *(.rel.ctors)

.rela.ctors
 *(.rela.ctors)

.rel.dtors
 *(.rel.dtors)

.rela.dtors
 *(.rela.dtors)

.rel.got
 *(.rel.got)

.rela.got
 *(.rela.got)

.rel.bss
 *(.rel.bss)

.rela.bss
 *(.rela.bss)

.rel.plt
 *(.rel.plt)

.rela.plt
 *(.rela.plt)

.text           0x00000000     0x532c
 *(.vectors)
 .vectors       0x00000000       0xe4 C:/Program Files (x86)/Atmel/Studio/7.0/Packs/atmel/ATmega_DFP/1.2.209/gcc/dev/atmega2560/avr6/crtatmega2560.o
                0x00000000                __vector_default
                0x00000000                __vectors
 *(.vectors)
 *(.progmem.gcc*)
 .progmem.gcc_sw_table
                0x000000e4       0x14 VIA_FreeRTOS_AVRMEGA-master/src/timers.o
 .progmem.gcc_sw_table.__vector_39
                0x000000f8       0xa2 ../Lib_files/Stdio_lib\libIotLibrary.a(twi.o)
                0x0000019a                . = ALIGN (0x2)
                0x0000019a                __trampolines_start = .
 *(.trampolines)
 .trampolines   0x0000019a        0x0 linker stubs
 *(.trampolines*)
                0x0000019a                __trampolines_end = .
 *libprintf_flt.a:*(.progmem.data)
 *libc.a:*(.progmem.data)
 *(.progmem*)
                0x0000019a                . = ALIGN (0x2)
 *(.jumptables)
 *(.jumptables*)
 *(.lowtext)
 .lowtext       0x0000019a       0x6c VIA_FreeRTOS_AVRMEGA-master/src/tasks.o
 .lowtext       0x00000206      0x208 VIA_FreeRTOS_AVRMEGA-master/src/timers.o
 *(.lowtext*)
                0x0000040e                __ctors_start = .
 *(.ctors)
                0x0000040e                __ctors_end = .
                0x0000040e                __dtors_start = .
 *(.dtors)
                0x0000040e                __dtors_end = .
 SORT(*)(.ctors)
 SORT(*)(.dtors)
 *(.init0)
 .init0         0x0000040e        0x0 C:/Program Files (x86)/Atmel/Studio/7.0/Packs/atmel/ATmega_DFP/1.2.209/gcc/dev/atmega2560/avr6/crtatmega2560.o
                0x0000040e                __init
 *(.init0)
 *(.init1)
 *(.init1)
 *(.init2)
 .init2         0x0000040e       0x10 C:/Program Files (x86)/Atmel/Studio/7.0/Packs/atmel/ATmega_DFP/1.2.209/gcc/dev/atmega2560/avr6/crtatmega2560.o
 *(.init2)
 *(.init3)
 *(.init3)
 *(.init4)
 .init4         0x0000041e       0x1a c:/program files (x86)/atmel/studio/7.0/toolchain/avr8/avr8-gnu-toolchain/bin/../lib/gcc/avr/5.4.0/avr6\libgcc.a(_copy_data.o)
                0x0000041e                __do_copy_data
 .init4         0x00000438       0x10 c:/program files (x86)/atmel/studio/7.0/toolchain/avr8/avr8-gnu-toolchain/bin/../lib/gcc/avr/5.4.0/avr6\libgcc.a(_clear_bss.o)
                0x00000438                __do_clear_bss
 *(.init4)
 *(.init5)
 *(.init5)
 *(.init6)
 *(.init6)
 *(.init7)
 *(.init7)
 *(.init8)
 *(.init8)
 *(.init9)
 .init9         0x00000448        0x6 C:/Program Files (x86)/Atmel/Studio/7.0/Packs/atmel/ATmega_DFP/1.2.209/gcc/dev/atmega2560/avr6/crtatmega2560.o
 *(.init9)
 *(.text)
 .text          0x0000044e        0x2 C:/Program Files (x86)/Atmel/Studio/7.0/Packs/atmel/ATmega_DFP/1.2.209/gcc/dev/atmega2560/avr6/crtatmega2560.o
                0x0000044e                __vector_38
                0x0000044e                __vector_22
                0x0000044e                __vector_28
                0x0000044e                __vector_1
                0x0000044e                __vector_32
                0x0000044e                __vector_34
                0x0000044e                __vector_24
                0x0000044e                __vector_46
                0x0000044e                __bad_interrupt
                0x0000044e                __vector_6
                0x0000044e                __vector_31
                0x0000044e                __vector_35
                0x0000044e                __vector_3
                0x0000044e                __vector_23
                0x0000044e                __vector_30
                0x0000044e                __vector_45
                0x0000044e                __vector_11
                0x0000044e                __vector_13
                0x0000044e                __vector_17
                0x0000044e                __vector_19
                0x0000044e                __vector_56
                0x0000044e                __vector_7
                0x0000044e                __vector_49
                0x0000044e                __vector_41
                0x0000044e                __vector_43
                0x0000044e                __vector_27
                0x0000044e                __vector_5
                0x0000044e                __vector_33
                0x0000044e                __vector_47
                0x0000044e                __vector_4
                0x0000044e                __vector_44
                0x0000044e                __vector_9
                0x0000044e                __vector_2
                0x0000044e                __vector_21
                0x0000044e                __vector_15
                0x0000044e                __vector_29
                0x0000044e                __vector_40
                0x0000044e                __vector_8
                0x0000044e                __vector_48
                0x0000044e                __vector_14
                0x0000044e                __vector_53
                0x0000044e                __vector_10
                0x0000044e                __vector_50
                0x0000044e                __vector_16
                0x0000044e                __vector_18
                0x0000044e                __vector_20
                0x0000044e                __vector_42
                0x00000450                . = ALIGN (0x2)
 *(.text.*)
 .text.tempSensorTask
                0x00000450      0x106 main.o
                0x00000450                tempSensorTask
 .text.co2Callback
                0x00000556       0x50 main.o
                0x00000556                co2Callback
 .text.lightCallback
                0x000005a6       0x8c main.o
                0x000005a6                lightCallback
 .text._loRa_setup
                0x00000632      0x148 main.o
                0x00000632                _loRa_setup
 .text.loRaWanTask
                0x0000077a       0xb8 main.o
                0x0000077a                loRaWanTask
 .text.main     0x00000832       0xdc main.o
                0x00000832                main
 .text.task_switch_in
                0x0000090e       0x14 VIA_FreeRTOS_AVRMEGA-master/FreeRTOSTraceDriver/FreeRTOSTraceDriver.o
                0x0000090e                task_switch_in
 .text.task_switch_out
                0x00000922        0xc VIA_FreeRTOS_AVRMEGA-master/FreeRTOSTraceDriver/FreeRTOSTraceDriver.o
                0x00000922                task_switch_out
 .text.pvPortMalloc
                0x0000092e       0x26 VIA_FreeRTOS_AVRMEGA-master/src/heap_3.o
                0x0000092e                pvPortMalloc
 .text.vPortFree
                0x00000954       0x1e VIA_FreeRTOS_AVRMEGA-master/src/heap_3.o
                0x00000954                vPortFree
 .text.vListInitialise
                0x00000972       0x1c VIA_FreeRTOS_AVRMEGA-master/src/list.o
                0x00000972                vListInitialise
 .text.vListInitialiseItem
                0x0000098e        0x8 VIA_FreeRTOS_AVRMEGA-master/src/list.o
                0x0000098e                vListInitialiseItem
 .text.vListInsertEnd
                0x00000996       0x42 VIA_FreeRTOS_AVRMEGA-master/src/list.o
                0x00000996                vListInsertEnd
 .text.vListInsert
                0x000009d8       0x62 VIA_FreeRTOS_AVRMEGA-master/src/list.o
                0x000009d8                vListInsert
 .text.uxListRemove
                0x00000a3a       0x4e VIA_FreeRTOS_AVRMEGA-master/src/list.o
                0x00000a3a                uxListRemove
 .text.pxPortInitialiseStack
                0x00000a88       0xe4 VIA_FreeRTOS_AVRMEGA-master/src/port.o
                0x00000a88                pxPortInitialiseStack
 .text.xPortStartScheduler
                0x00000b6c       0x78 VIA_FreeRTOS_AVRMEGA-master/src/port.o
                0x00000b6c                xPortStartScheduler
 .text.vPortYield
                0x00000be4       0xc2 VIA_FreeRTOS_AVRMEGA-master/src/port.o
                0x00000be4                vPortYield
 .text.vPortYieldFromTick
                0x00000ca6       0xc8 VIA_FreeRTOS_AVRMEGA-master/src/port.o
                0x00000ca6                vPortYieldFromTick
 .text.__vector_12
                0x00000d6e        0x4 VIA_FreeRTOS_AVRMEGA-master/src/port.o
                0x00000d6e                __vector_12
 .text.prvIsQueueEmpty
                0x00000d72       0x16 VIA_FreeRTOS_AVRMEGA-master/src/queue.o
 .text.prvCopyDataToQueue
                0x00000d88       0xbe VIA_FreeRTOS_AVRMEGA-master/src/queue.o
 .text.prvCopyDataFromQueue
                0x00000e46       0x34 VIA_FreeRTOS_AVRMEGA-master/src/queue.o
 .text.prvUnlockQueue
                0x00000e7a       0x9a VIA_FreeRTOS_AVRMEGA-master/src/queue.o
 .text.xQueueGenericReset
                0x00000f14       0x86 VIA_FreeRTOS_AVRMEGA-master/src/queue.o
                0x00000f14                xQueueGenericReset
 .text.xQueueGenericCreate
                0x00000f9a       0x5c VIA_FreeRTOS_AVRMEGA-master/src/queue.o
                0x00000f9a                xQueueGenericCreate
 .text.xQueueGenericSend
                0x00000ff6      0x12a VIA_FreeRTOS_AVRMEGA-master/src/queue.o
                0x00000ff6                xQueueGenericSend
 .text.xQueueCreateMutex
                0x00001120       0x30 VIA_FreeRTOS_AVRMEGA-master/src/queue.o
                0x00001120                xQueueCreateMutex
 .text.xQueueGenericSendFromISR
                0x00001150       0x70 VIA_FreeRTOS_AVRMEGA-master/src/queue.o
                0x00001150                xQueueGenericSendFromISR
 .text.xQueueReceive
                0x000011c0      0x112 VIA_FreeRTOS_AVRMEGA-master/src/queue.o
                0x000011c0                xQueueReceive
 .text.xQueueSemaphoreTake
                0x000012d2      0x178 VIA_FreeRTOS_AVRMEGA-master/src/queue.o
                0x000012d2                xQueueSemaphoreTake
 .text.vQueueWaitForMessageRestricted
                0x0000144a       0x36 VIA_FreeRTOS_AVRMEGA-master/src/queue.o
                0x0000144a                vQueueWaitForMessageRestricted
 .text.prvBytesInBuffer
                0x00001480       0x26 VIA_FreeRTOS_AVRMEGA-master/src/stream_buffer.o
 .text.prvWriteBytesToBuffer
                0x000014a6       0x92 VIA_FreeRTOS_AVRMEGA-master/src/stream_buffer.o
 .text.prvWriteMessageToBuffer
                0x00001538       0x80 VIA_FreeRTOS_AVRMEGA-master/src/stream_buffer.o
 .text.prvReadBytesFromBuffer
                0x000015b8       0x9c VIA_FreeRTOS_AVRMEGA-master/src/stream_buffer.o
 .text.xStreamBufferGenericCreate
                0x00001654       0x58 VIA_FreeRTOS_AVRMEGA-master/src/stream_buffer.o
                0x00001654                xStreamBufferGenericCreate
 .text.xStreamBufferReset
                0x000016ac       0x5a VIA_FreeRTOS_AVRMEGA-master/src/stream_buffer.o
                0x000016ac                xStreamBufferReset
 .text.xStreamBufferSpacesAvailable
                0x00001706       0x24 VIA_FreeRTOS_AVRMEGA-master/src/stream_buffer.o
                0x00001706                xStreamBufferSpacesAvailable
 .text.xStreamBufferSendFromISR
                0x0000172a       0x84 VIA_FreeRTOS_AVRMEGA-master/src/stream_buffer.o
                0x0000172a                xStreamBufferSendFromISR
 .text.xStreamBufferReceive
                0x000017ae      0x134 VIA_FreeRTOS_AVRMEGA-master/src/stream_buffer.o
                0x000017ae                xStreamBufferReceive
 .text.prvResetNextTaskUnblockTime
                0x000018e2       0x3e VIA_FreeRTOS_AVRMEGA-master/src/tasks.o
 .text.prvAddCurrentTaskToDelayedList
                0x00001920       0xa8 VIA_FreeRTOS_AVRMEGA-master/src/tasks.o
 .text.xTaskCreate
                0x000019c8      0x23c VIA_FreeRTOS_AVRMEGA-master/src/tasks.o
                0x000019c8                xTaskCreate
 .text.vTaskStartScheduler
                0x00001c04       0x66 VIA_FreeRTOS_AVRMEGA-master/src/tasks.o
                0x00001c04                vTaskStartScheduler
 .text.vTaskSuspendAll
                0x00001c6a        0xc VIA_FreeRTOS_AVRMEGA-master/src/tasks.o
                0x00001c6a                vTaskSuspendAll
 .text.xTaskGetTickCount
                0x00001c76       0x14 VIA_FreeRTOS_AVRMEGA-master/src/tasks.o
                0x00001c76                xTaskGetTickCount
 .text.xTaskIncrementTick
                0x00001c8a      0x174 VIA_FreeRTOS_AVRMEGA-master/src/tasks.o
                0x00001c8a                xTaskIncrementTick
 .text.xTaskResumeAll
                0x00001dfe       0xfa VIA_FreeRTOS_AVRMEGA-master/src/tasks.o
                0x00001dfe                xTaskResumeAll
 .text.vTaskDelay
                0x00001ef8       0x22 VIA_FreeRTOS_AVRMEGA-master/src/tasks.o
                0x00001ef8                vTaskDelay
 .text.vTaskSwitchContext
                0x00001f1a      0x11c VIA_FreeRTOS_AVRMEGA-master/src/tasks.o
                0x00001f1a                vTaskSwitchContext
 .text.vTaskPlaceOnEventList
                0x00002036       0x22 VIA_FreeRTOS_AVRMEGA-master/src/tasks.o
                0x00002036                vTaskPlaceOnEventList
 .text.vTaskPlaceOnEventListRestricted
                0x00002058       0x30 VIA_FreeRTOS_AVRMEGA-master/src/tasks.o
                0x00002058                vTaskPlaceOnEventListRestricted
 .text.xTaskRemoveFromEventList
                0x00002088       0x90 VIA_FreeRTOS_AVRMEGA-master/src/tasks.o
                0x00002088                xTaskRemoveFromEventList
 .text.vTaskInternalSetTimeOutState
                0x00002118       0x16 VIA_FreeRTOS_AVRMEGA-master/src/tasks.o
                0x00002118                vTaskInternalSetTimeOutState
 .text.xTaskCheckForTimeOut
                0x0000212e       0x6a VIA_FreeRTOS_AVRMEGA-master/src/tasks.o
                0x0000212e                xTaskCheckForTimeOut
 .text.vTaskMissedYield
                0x00002198        0x8 VIA_FreeRTOS_AVRMEGA-master/src/tasks.o
                0x00002198                vTaskMissedYield
 .text.xTaskGetCurrentTaskHandle
                0x000021a0        0xa VIA_FreeRTOS_AVRMEGA-master/src/tasks.o
                0x000021a0                xTaskGetCurrentTaskHandle
 .text.xTaskGetSchedulerState
                0x000021aa       0x1c VIA_FreeRTOS_AVRMEGA-master/src/tasks.o
                0x000021aa                xTaskGetSchedulerState
 .text.xTaskPriorityInherit
                0x000021c6       0xe4 VIA_FreeRTOS_AVRMEGA-master/src/tasks.o
                0x000021c6                xTaskPriorityInherit
 .text.xTaskPriorityDisinherit
                0x000022aa       0x80 VIA_FreeRTOS_AVRMEGA-master/src/tasks.o
                0x000022aa                xTaskPriorityDisinherit
 .text.vTaskPriorityDisinheritAfterTimeout
                0x0000232a       0xa0 VIA_FreeRTOS_AVRMEGA-master/src/tasks.o
                0x0000232a                vTaskPriorityDisinheritAfterTimeout
 .text.pvTaskIncrementMutexHeldCount
                0x000023ca       0x24 VIA_FreeRTOS_AVRMEGA-master/src/tasks.o
                0x000023ca                pvTaskIncrementMutexHeldCount
 .text.xTaskNotifyWait
                0x000023ee      0x106 VIA_FreeRTOS_AVRMEGA-master/src/tasks.o
                0x000023ee                xTaskNotifyWait
 .text.xTaskGenericNotify
                0x000024f4       0xfc VIA_FreeRTOS_AVRMEGA-master/src/tasks.o
                0x000024f4                xTaskGenericNotify
 .text.xTaskGenericNotifyFromISR
                0x000025f0      0x120 VIA_FreeRTOS_AVRMEGA-master/src/tasks.o
                0x000025f0                xTaskGenericNotifyFromISR
 .text.xTaskNotifyStateClear
                0x00002710       0x28 VIA_FreeRTOS_AVRMEGA-master/src/tasks.o
                0x00002710                xTaskNotifyStateClear
 .text.prvInsertTimerInActiveList
                0x00002738       0x5e VIA_FreeRTOS_AVRMEGA-master/src/timers.o
 .text.prvCheckForValidListAndQueue
                0x00002796       0x52 VIA_FreeRTOS_AVRMEGA-master/src/timers.o
 .text.xTimerCreateTimerTask
                0x000027e8       0x40 VIA_FreeRTOS_AVRMEGA-master/src/timers.o
                0x000027e8                xTimerCreateTimerTask
 .text.xTimerGenericCommand
                0x00002828       0x8e VIA_FreeRTOS_AVRMEGA-master/src/timers.o
                0x00002828                xTimerGenericCommand
 .text.prvSampleTimeNow
                0x000028b6       0xdc VIA_FreeRTOS_AVRMEGA-master/src/timers.o
 .text.vApplicationIdleHook
                0x00002992        0x2 VIA_FreeRTOS_AVRMEGA-master/src/variantHooks.o
                0x00002992                vApplicationIdleHook
 .text.vApplicationMallocFailedHook
                0x00002994       0x1a VIA_FreeRTOS_AVRMEGA-master/src/variantHooks.o
                0x00002994                vApplicationMallocFailedHook
 .text.vApplicationStackOverflowHook
                0x000029ae       0x1a VIA_FreeRTOS_AVRMEGA-master/src/variantHooks.o
                0x000029ae                vApplicationStackOverflowHook
 .text.avr-libc.fplib
                0x000029c8        0xa c:/program files (x86)/atmel/studio/7.0/toolchain/avr8/avr8-gnu-toolchain/bin/../lib/gcc/avr/5.4.0/../../../../avr/lib/avr6\libm.a(fixsfsi.o)
                0x000029c8                __fixsfsi
 .text.avr-libc.fplib
                0x000029d2       0x58 c:/program files (x86)/atmel/studio/7.0/toolchain/avr8/avr8-gnu-toolchain/bin/../lib/gcc/avr/5.4.0/../../../../avr/lib/avr6\libm.a(fixunssfsi.o)
                0x000029d2                __fixunssfsi
 .text.avr-libc.fplib
                0x00002a2a       0x44 c:/program files (x86)/atmel/studio/7.0/toolchain/avr8/avr8-gnu-toolchain/bin/../lib/gcc/avr/5.4.0/../../../../avr/lib/avr6\libm.a(fp_split3.o)
                0x00002a2a                __fp_split3
                0x00002a3a                __fp_splitA
 .text.avr-libc.fplib
                0x00002a6e        0xe c:/program files (x86)/atmel/studio/7.0/toolchain/avr8/avr8-gnu-toolchain/bin/../lib/gcc/avr/5.4.0/../../../../avr/lib/avr6\libm.a(fp_zero.o)
                0x00002a6e                __fp_zero
                0x00002a70                __fp_szero
 .text.usart_getchar
                0x00002a7c       0x2a ../Lib_files/Stdio_lib\libserialLib.a(stdio_driver.o)
 .text.usart_putchar
                0x00002aa6       0x12 ../Lib_files/Stdio_lib\libserialLib.a(stdio_driver.o)
 .text.stdioCreate
                0x00002ab8       0x52 ../Lib_files/Stdio_lib\libserialLib.a(stdio_driver.o)
                0x00002ab8                stdioCreate
 .text.serial_new_instance
                0x00002b0a      0x13e ../Lib_files/Stdio_lib\libserialLib.a(serial.o)
                0x00002b0a                serial_new_instance
 .text.serial_send_byte
                0x00002c48       0x4a ../Lib_files/Stdio_lib\libserialLib.a(serial.o)
                0x00002c48                serial_send_byte
 .text.serial_send_bytes
                0x00002c92       0xa0 ../Lib_files/Stdio_lib\libserialLib.a(serial.o)
                0x00002c92                serial_send_bytes
 .text.serial_get_byte
                0x00002d32       0x38 ../Lib_files/Stdio_lib\libserialLib.a(serial.o)
                0x00002d32                serial_get_byte
 .text.__vector_25
                0x00002d6a       0xa4 ../Lib_files/Stdio_lib\libserialLib.a(serial.o)
                0x00002d6a                __vector_25
 .text.__vector_26
                0x00002e0e       0x88 ../Lib_files/Stdio_lib\libserialLib.a(serial.o)
                0x00002e0e                __vector_26
 .text.__vector_36
                0x00002e96       0xa4 ../Lib_files/Stdio_lib\libserialLib.a(serial.o)
                0x00002e96                __vector_36
 .text.__vector_37
                0x00002f3a       0x88 ../Lib_files/Stdio_lib\libserialLib.a(serial.o)
                0x00002f3a                __vector_37
 .text.__vector_51
                0x00002fc2       0xa4 ../Lib_files/Stdio_lib\libserialLib.a(serial.o)
                0x00002fc2                __vector_51
 .text.__vector_52
                0x00003066       0x88 ../Lib_files/Stdio_lib\libserialLib.a(serial.o)
                0x00003066                __vector_52
 .text.__vector_54
                0x000030ee       0xa4 ../Lib_files/Stdio_lib\libserialLib.a(serial.o)
                0x000030ee                __vector_54
 .text.__vector_55
                0x00003192       0x88 ../Lib_files/Stdio_lib\libserialLib.a(serial.o)
                0x00003192                __vector_55
 .text.fifo_init
                0x0000321a       0x3e ../Lib_files/Stdio_lib\libserialLib.a(fifo.o)
                0x0000321a                fifo_init
 .text.hal_create
                0x00003258       0x64 ../Lib_files/Stdio_lib\libIotLibrary.a(hal.o)
                0x00003258                hal_create
 .text._hihTwiCallback
                0x000032bc       0x5a ../Lib_files/Stdio_lib\libIotLibrary.a(hih8120.o)
 .text.hih8120Create
                0x00003316       0x2e ../Lib_files/Stdio_lib\libIotLibrary.a(hih8120.o)
                0x00003316                hih8120Create
 .text.hih8120Wakeup
                0x00003344       0x2a ../Lib_files/Stdio_lib\libIotLibrary.a(hih8120.o)
                0x00003344                hih8120Wakeup
 .text.hih8120Meassure
                0x0000336e       0x22 ../Lib_files/Stdio_lib\libIotLibrary.a(hih8120.o)
                0x0000336e                hih8120Meassure
 .text.hih8120GetHumidity
                0x00003390       0x2a ../Lib_files/Stdio_lib\libIotLibrary.a(hih8120.o)
                0x00003390                hih8120GetHumidity
 .text.hih8120GetTemperature
                0x000033ba       0x36 ../Lib_files/Stdio_lib\libIotLibrary.a(hih8120.o)
                0x000033ba                hih8120GetTemperature
 .text._turn_off
                0x000033f0       0x5c ../Lib_files/Stdio_lib\libIotLibrary.a(led.o)
 .text._turn_on
                0x0000344c       0x5c ../Lib_files/Stdio_lib\libIotLibrary.a(led.o)
 .text._hal_led_task
                0x000034a8       0x88 ../Lib_files/Stdio_lib\libIotLibrary.a(led.o)
 .text.led_create
                0x00003530      0x10a ../Lib_files/Stdio_lib\libIotLibrary.a(led.o)
                0x00003530                led_create
 .text._serial_call_back
                0x0000363a       0x8c ../Lib_files/Stdio_lib\libIotLibrary.a(lora_driver.o)
 .text._upload_message
                0x000036c6       0xb0 ../Lib_files/Stdio_lib\libIotLibrary.a(lora_driver.o)
 .text._reply2return_code
                0x00003776       0x76 ../Lib_files/Stdio_lib\libIotLibrary.a(lora_driver.o)
 .text._upload_message_rc
                0x000037ec        0x6 ../Lib_files/Stdio_lib\libIotLibrary.a(lora_driver.o)
 .text.lora_driver_flush_buffers
                0x000037f2        0xe ../Lib_files/Stdio_lib\libIotLibrary.a(lora_driver.o)
                0x000037f2                lora_driver_flush_buffers
 .text.lora_driver_create
                0x00003800       0x78 ../Lib_files/Stdio_lib\libIotLibrary.a(lora_driver.o)
                0x00003800                lora_driver_create
 .text.lora_driver_reset_rn2483
                0x00003878       0x28 ../Lib_files/Stdio_lib\libIotLibrary.a(lora_driver.o)
                0x00003878                lora_driver_reset_rn2483
 .text.lora_driver_rn2483_factory_reset
                0x000038a0       0x24 ../Lib_files/Stdio_lib\libIotLibrary.a(lora_driver.o)
                0x000038a0                lora_driver_rn2483_factory_reset
 .text.lora_driver_get_rn2483_hweui
                0x000038c4       0x38 ../Lib_files/Stdio_lib\libIotLibrary.a(lora_driver.o)
                0x000038c4                lora_driver_get_rn2483_hweui
 .text.lora_driver_set_device_identifier
                0x000038fc       0x22 ../Lib_files/Stdio_lib\libIotLibrary.a(lora_driver.o)
                0x000038fc                lora_driver_set_device_identifier
 .text.lora_driver_set_application_identifier
                0x0000391e       0x22 ../Lib_files/Stdio_lib\libIotLibrary.a(lora_driver.o)
                0x0000391e                lora_driver_set_application_identifier
 .text.lora_driver_set_application_key
                0x00003940       0x22 ../Lib_files/Stdio_lib\libIotLibrary.a(lora_driver.o)
                0x00003940                lora_driver_set_application_key
 .text.lora_driver_save_mac
                0x00003962        0xc ../Lib_files/Stdio_lib\libIotLibrary.a(lora_driver.o)
                0x00003962                lora_driver_save_mac
 .text.lora_driver_join
                0x0000396e       0x46 ../Lib_files/Stdio_lib\libIotLibrary.a(lora_driver.o)
                0x0000396e                lora_driver_join
 .text.lora_driver_sent_upload_message
                0x000039b4      0x130 ../Lib_files/Stdio_lib\libIotLibrary.a(lora_driver.o)
                0x000039b4                lora_driver_sent_upload_message
 .text.lora_driver_set_adaptive_data_rate
                0x00003ae4       0x16 ../Lib_files/Stdio_lib\libIotLibrary.a(lora_driver.o)
                0x00003ae4                lora_driver_set_adaptive_data_rate
 .text.lora_driver_configure_to_eu868
                0x00003afa      0x1bc ../Lib_files/Stdio_lib\libIotLibrary.a(lora_driver.o)
                0x00003afa                lora_driver_configure_to_eu868
 .text.lora_driver_set_otaa_identity
                0x00003cb6       0x42 ../Lib_files/Stdio_lib\libIotLibrary.a(lora_driver.o)
                0x00003cb6                lora_driver_set_otaa_identity
 .text.lora_driver_map_return_code_to_text
                0x00003cf8       0x18 ../Lib_files/Stdio_lib\libIotLibrary.a(lora_driver.o)
                0x00003cf8                lora_driver_map_return_code_to_text
 .text.decode_port_no
                0x00003d10       0x58 ../Lib_files/Stdio_lib\libIotLibrary.a(lora_driver_utils.o)
                0x00003d10                decode_port_no
 .text.decode_hexadecimal_string_bytes
                0x00003d68       0x92 ../Lib_files/Stdio_lib\libIotLibrary.a(lora_driver_utils.o)
                0x00003d68                decode_hexadecimal_string_bytes
 .text.reg_read_register
                0x00003dfa        0x6 ../Lib_files/Stdio_lib\libIotLibrary.a(mega_register_access.o)
                0x00003dfa                reg_read_register
 .text.reg_read_bit
                0x00003e00       0x16 ../Lib_files/Stdio_lib\libIotLibrary.a(mega_register_access.o)
                0x00003e00                reg_read_bit
 .text.reg_read_bits
                0x00003e16        0x8 ../Lib_files/Stdio_lib\libIotLibrary.a(mega_register_access.o)
                0x00003e16                reg_read_bits
 .text.reg_set_register
                0x00003e1e        0x6 ../Lib_files/Stdio_lib\libIotLibrary.a(mega_register_access.o)
                0x00003e1e                reg_set_register
 .text.reg_clear_register
                0x00003e24        0x6 ../Lib_files/Stdio_lib\libIotLibrary.a(mega_register_access.o)
                0x00003e24                reg_clear_register
 .text.reg_set_bit
                0x00003e2a       0x18 ../Lib_files/Stdio_lib\libIotLibrary.a(mega_register_access.o)
                0x00003e2a                reg_set_bit
 .text.reg_set_bits
                0x00003e42        0xa ../Lib_files/Stdio_lib\libIotLibrary.a(mega_register_access.o)
                0x00003e42                reg_set_bits
 .text.reg_toggle_bit
                0x00003e4c       0x18 ../Lib_files/Stdio_lib\libIotLibrary.a(mega_register_access.o)
                0x00003e4c                reg_toggle_bit
 .text.reg_toggle_bits
                0x00003e64        0xa ../Lib_files/Stdio_lib\libIotLibrary.a(mega_register_access.o)
                0x00003e64                reg_toggle_bits
 .text.reg_clear_bit
                0x00003e6e       0x1a ../Lib_files/Stdio_lib\libIotLibrary.a(mega_register_access.o)
                0x00003e6e                reg_clear_bit
 .text.reg_clear_bits
                0x00003e88        0xc ../Lib_files/Stdio_lib\libIotLibrary.a(mega_register_access.o)
                0x00003e88                reg_clear_bits
 .text._serial_call_back
                0x00003e94       0xb6 ../Lib_files/Stdio_lib\libIotLibrary.a(mh_z19.o)
 .text.mh_z19_create
                0x00003f4a       0x5e ../Lib_files/Stdio_lib\libIotLibrary.a(mh_z19.o)
                0x00003f4a                mh_z19_create
 .text.rcServoSet
                0x00003fa8       0x30 ../Lib_files/Stdio_lib\libIotLibrary.a(rcServo.o)
                0x00003fa8                rcServoSet
 .text.rcServoCreate
                0x00003fd8       0x38 ../Lib_files/Stdio_lib\libIotLibrary.a(rcServo.o)
                0x00003fd8                rcServoCreate
 .text._callBack
                0x00004010       0x10 ../Lib_files/Stdio_lib\libIotLibrary.a(tsl2591.o)
 .text._tsl2591TwiCallback
                0x00004020       0x88 ../Lib_files/Stdio_lib\libIotLibrary.a(tsl2591.o)
 .text._twiTransmit
                0x000040a8       0x26 ../Lib_files/Stdio_lib\libIotLibrary.a(tsl2591.o)
 .text.tsl2591Create
                0x000040ce       0x36 ../Lib_files/Stdio_lib\libIotLibrary.a(tsl2591.o)
                0x000040ce                tsl2591Create
 .text.tsl2591Enable
                0x00004104       0x2a ../Lib_files/Stdio_lib\libIotLibrary.a(tsl2591.o)
                0x00004104                tsl2591Enable
 .text.tsl2591GetLux
                0x0000412e      0x1b2 ../Lib_files/Stdio_lib\libIotLibrary.a(tsl2591.o)
                0x0000412e                tsl2591GetLux
 .text._initTwiInterface
                0x000042e0       0x22 ../Lib_files/Stdio_lib\libIotLibrary.a(twi.o)
 .text.twiCreate
                0x00004302       0x9a ../Lib_files/Stdio_lib\libIotLibrary.a(twi.o)
                0x00004302                twiCreate
 .text.twiIsBusy
                0x0000439c        0x8 ../Lib_files/Stdio_lib\libIotLibrary.a(twi.o)
                0x0000439c                twiIsBusy
 .text.twiTransmit
                0x000043a4       0x98 ../Lib_files/Stdio_lib\libIotLibrary.a(twi.o)
                0x000043a4                twiTransmit
 .text.twiReceive
                0x0000443c       0x66 ../Lib_files/Stdio_lib\libIotLibrary.a(twi.o)
                0x0000443c                twiReceive
 .text.__vector_39
                0x000044a2      0x17a ../Lib_files/Stdio_lib\libIotLibrary.a(twi.o)
                0x000044a2                __vector_39
 .text.avr-libc.fplib
                0x0000461c        0xa c:/program files (x86)/atmel/studio/7.0/toolchain/avr8/avr8-gnu-toolchain/bin/../lib/gcc/avr/5.4.0/../../../../avr/lib/avr6\libm.a(addsf3.o)
                0x0000461c                __subsf3
                0x0000461e                __addsf3
 .text.avr-libc.fplib
                0x00004626       0xc4 c:/program files (x86)/atmel/studio/7.0/toolchain/avr8/avr8-gnu-toolchain/bin/../lib/gcc/avr/5.4.0/../../../../avr/lib/avr6\libm.a(addsf3x.o)
                0x00004640                __addsf3x
 .text.avr-libc.fplib
                0x000046ea        0x4 c:/program files (x86)/atmel/studio/7.0/toolchain/avr8/avr8-gnu-toolchain/bin/../lib/gcc/avr/5.4.0/../../../../avr/lib/avr6\libm.a(divsf3.o)
                0x000046ea                __divsf3
 .text.avr-libc.fplib
                0x000046ee       0xd2 c:/program files (x86)/atmel/studio/7.0/toolchain/avr8/avr8-gnu-toolchain/bin/../lib/gcc/avr/5.4.0/../../../../avr/lib/avr6\libm.a(divsf3x.o)
                0x00004706                __divsf3x
                0x0000470c                __divsf3_pse
 .text.avr-libc.fplib
                0x000047c0       0x7a c:/program files (x86)/atmel/studio/7.0/toolchain/avr8/avr8-gnu-toolchain/bin/../lib/gcc/avr/5.4.0/../../../../avr/lib/avr6\libm.a(floatsisf.o)
                0x000047c0                __floatunsisf
                0x000047c4                __floatsisf
 .text.avr-libc.fplib
                0x0000483a        0xc c:/program files (x86)/atmel/studio/7.0/toolchain/avr8/avr8-gnu-toolchain/bin/../lib/gcc/avr/5.4.0/../../../../avr/lib/avr6\libm.a(fp_inf.o)
                0x0000483a                __fp_inf
 .text.avr-libc.fplib
                0x00004846        0x6 c:/program files (x86)/atmel/studio/7.0/toolchain/avr8/avr8-gnu-toolchain/bin/../lib/gcc/avr/5.4.0/../../../../avr/lib/avr6\libm.a(fp_nan.o)
                0x00004846                __fp_nan
 .text.avr-libc.fplib
                0x0000484c        0xe c:/program files (x86)/atmel/studio/7.0/toolchain/avr8/avr8-gnu-toolchain/bin/../lib/gcc/avr/5.4.0/../../../../avr/lib/avr6\libm.a(fp_pscA.o)
                0x0000484c                __fp_pscA
 .text.avr-libc.fplib
                0x0000485a        0xe c:/program files (x86)/atmel/studio/7.0/toolchain/avr8/avr8-gnu-toolchain/bin/../lib/gcc/avr/5.4.0/../../../../avr/lib/avr6\libm.a(fp_pscB.o)
                0x0000485a                __fp_pscB
 .text.avr-libc.fplib
                0x00004868       0x22 c:/program files (x86)/atmel/studio/7.0/toolchain/avr8/avr8-gnu-toolchain/bin/../lib/gcc/avr/5.4.0/../../../../avr/lib/avr6\libm.a(fp_round.o)
                0x00004868                __fp_round
 .text.avr-libc.fplib
                0x0000488a        0x8 c:/program files (x86)/atmel/studio/7.0/toolchain/avr8/avr8-gnu-toolchain/bin/../lib/gcc/avr/5.4.0/../../../../avr/lib/avr6\libm.a(gesf2.o)
                0x0000488a                __gesf2
                0x0000488a                __gtsf2
 .text.avr-libc.fplib
                0x00004892        0x4 c:/program files (x86)/atmel/studio/7.0/toolchain/avr8/avr8-gnu-toolchain/bin/../lib/gcc/avr/5.4.0/../../../../avr/lib/avr6\libm.a(mulsf3.o)
                0x00004892                __mulsf3
 .text.avr-libc.fplib
                0x00004896       0xc8 c:/program files (x86)/atmel/studio/7.0/toolchain/avr8/avr8-gnu-toolchain/bin/../lib/gcc/avr/5.4.0/../../../../avr/lib/avr6\libm.a(mulsf3x.o)
                0x000048ac                __mulsf3x
                0x000048b2                __mulsf3_pse
 .text.avr-libc.fplib
                0x0000495e       0x48 c:/program files (x86)/atmel/studio/7.0/toolchain/avr8/avr8-gnu-toolchain/bin/../lib/gcc/avr/5.4.0/../../../../avr/lib/avr6\libm.a(fp_cmp.o)
                0x0000495e                __fp_cmp
 .text.libgcc.div
                0x000049a6       0x44 c:/program files (x86)/atmel/studio/7.0/toolchain/avr8/avr8-gnu-toolchain/bin/../lib/gcc/avr/5.4.0/avr6\libgcc.a(_udivmodsi4.o)
                0x000049a6                __udivmodsi4
 .text.libgcc   0x000049ea       0x10 c:/program files (x86)/atmel/studio/7.0/toolchain/avr8/avr8-gnu-toolchain/bin/../lib/gcc/avr/5.4.0/avr6\libgcc.a(_tablejump2.o)
                0x000049ea                __tablejump2__
 .text.avr-libc
                0x000049fa       0x34 c:/program files (x86)/atmel/studio/7.0/toolchain/avr8/avr8-gnu-toolchain/bin/../lib/gcc/avr/5.4.0/../../../../avr/lib/avr6\libc.a(calloc.o)
                0x000049fa                calloc
 .text.avr-libc
                0x00004a2e      0x242 c:/program files (x86)/atmel/studio/7.0/toolchain/avr8/avr8-gnu-toolchain/bin/../lib/gcc/avr/5.4.0/../../../../avr/lib/avr6\libc.a(malloc.o)
                0x00004a2e                malloc
                0x00004b5e                free
 .text.avr-libc
                0x00004c70        0x8 c:/program files (x86)/atmel/studio/7.0/toolchain/avr8/avr8-gnu-toolchain/bin/../lib/gcc/avr/5.4.0/../../../../avr/lib/avr6\libc.a(abort.o)
                0x00004c70                abort
 .text.avr-libc
                0x00004c78       0x12 c:/program files (x86)/atmel/studio/7.0/toolchain/avr8/avr8-gnu-toolchain/bin/../lib/gcc/avr/5.4.0/../../../../avr/lib/avr6\libc.a(memcpy.o)
                0x00004c78                memcpy
 .text.avr-libc
                0x00004c8a        0xe c:/program files (x86)/atmel/studio/7.0/toolchain/avr8/avr8-gnu-toolchain/bin/../lib/gcc/avr/5.4.0/../../../../avr/lib/avr6\libc.a(memset.o)
                0x00004c8a                memset
 .text.avr-libc
                0x00004c98       0x16 c:/program files (x86)/atmel/studio/7.0/toolchain/avr8/avr8-gnu-toolchain/bin/../lib/gcc/avr/5.4.0/../../../../avr/lib/avr6\libc.a(strcat.o)
                0x00004c98                strcat
 .text.avr-libc
                0x00004cae        0xe c:/program files (x86)/atmel/studio/7.0/toolchain/avr8/avr8-gnu-toolchain/bin/../lib/gcc/avr/5.4.0/../../../../avr/lib/avr6\libc.a(strcpy.o)
                0x00004cae                strcpy
 .text.avr-libc
                0x00004cbc       0x30 c:/program files (x86)/atmel/studio/7.0/toolchain/avr8/avr8-gnu-toolchain/bin/../lib/gcc/avr/5.4.0/../../../../avr/lib/avr6\libc.a(strncasecmp.o)
                0x00004cbc                strncasecmp
 .text.avr-libc
                0x00004cec       0x26 c:/program files (x86)/atmel/studio/7.0/toolchain/avr8/avr8-gnu-toolchain/bin/../lib/gcc/avr/5.4.0/../../../../avr/lib/avr6\libc.a(printf.o)
                0x00004cec                printf
 .text.avr-libc
                0x00004d12       0x60 c:/program files (x86)/atmel/studio/7.0/toolchain/avr8/avr8-gnu-toolchain/bin/../lib/gcc/avr/5.4.0/../../../../avr/lib/avr6\libc.a(puts.o)
                0x00004d12                puts
 .text.avr-libc
                0x00004d72       0x5c c:/program files (x86)/atmel/studio/7.0/toolchain/avr8/avr8-gnu-toolchain/bin/../lib/gcc/avr/5.4.0/../../../../avr/lib/avr6\libc.a(sprintf.o)
                0x00004d72                sprintf
 .text.avr-libc
                0x00004dce      0x3fa c:/program files (x86)/atmel/studio/7.0/toolchain/avr8/avr8-gnu-toolchain/bin/../lib/gcc/avr/5.4.0/../../../../avr/lib/avr6\libc.a(vfprintf_std.o)
                0x00004dce                vfprintf
 .text.avr-libc
                0x000051c8       0x16 c:/program files (x86)/atmel/studio/7.0/toolchain/avr8/avr8-gnu-toolchain/bin/../lib/gcc/avr/5.4.0/../../../../avr/lib/avr6\libc.a(strnlen_P.o)
                0x000051c8                strnlen_P
 .text.avr-libc
                0x000051de       0x16 c:/program files (x86)/atmel/studio/7.0/toolchain/avr8/avr8-gnu-toolchain/bin/../lib/gcc/avr/5.4.0/../../../../avr/lib/avr6\libc.a(strnlen.o)
                0x000051de                strnlen
 .text.avr-libc
                0x000051f4       0x78 c:/program files (x86)/atmel/studio/7.0/toolchain/avr8/avr8-gnu-toolchain/bin/../lib/gcc/avr/5.4.0/../../../../avr/lib/avr6\libc.a(fputc.o)
                0x000051f4                fputc
 .text.avr-libc
                0x0000526c       0xbc c:/program files (x86)/atmel/studio/7.0/toolchain/avr8/avr8-gnu-toolchain/bin/../lib/gcc/avr/5.4.0/../../../../avr/lib/avr6\libc.a(ultoa_invert.o)
                0x0000526c                __ultoa_invert
                0x00005328                . = ALIGN (0x2)
 *(.fini9)
 .fini9         0x00005328        0x0 c:/program files (x86)/atmel/studio/7.0/toolchain/avr8/avr8-gnu-toolchain/bin/../lib/gcc/avr/5.4.0/avr6\libgcc.a(_exit.o)
                0x00005328                _exit
                0x00005328                exit
 *(.fini9)
 *(.fini8)
 *(.fini8)
 *(.fini7)
 *(.fini7)
 *(.fini6)
 *(.fini6)
 *(.fini5)
 *(.fini5)
 *(.fini4)
 *(.fini4)
 *(.fini3)
 *(.fini3)
 *(.fini2)
 *(.fini2)
 *(.fini1)
 *(.fini1)
 *(.fini0)
 .fini0         0x00005328        0x4 c:/program files (x86)/atmel/studio/7.0/toolchain/avr8/avr8-gnu-toolchain/bin/../lib/gcc/avr/5.4.0/avr6\libgcc.a(_exit.o)
 *(.fini0)
                0x0000532c                _etext = .

.data           0x00800200      0x5d6 load address 0x0000532c
                0x00800200                PROVIDE (__data_start, .)
 *(.data)
 .data          0x00800200        0x6 c:/program files (x86)/atmel/studio/7.0/toolchain/avr8/avr8-gnu-toolchain/bin/../lib/gcc/avr/5.4.0/../../../../avr/lib/avr6\libc.a(malloc.o)
                0x00800200                __malloc_heap_end
                0x00800202                __malloc_heap_start
                0x00800204                __malloc_margin
 *(.data*)
 .data.mystdout.1881
                0x00800206        0xe ../Lib_files/Stdio_lib\libserialLib.a(stdio_driver.o)
 .data._com_port_2_udr
                0x00800214        0x8 ../Lib_files/Stdio_lib\libserialLib.a(serial.o)
                0x00800214                _com_port_2_udr
 .data._temp    0x0080021c        0x2 ../Lib_files/Stdio_lib\libIotLibrary.a(hih8120.o)
 .data._hum     0x0080021e        0x2 ../Lib_files/Stdio_lib\libIotLibrary.a(hih8120.o)
 .data._twiCurrentState
                0x00800220        0x1 ../Lib_files/Stdio_lib\libIotLibrary.a(twi.o)
 *(.gnu.linkonce.d*)
 *(.rodata)
 .rodata        0x00800221       0x20 ../Lib_files/Stdio_lib\libIotLibrary.a(lora_driver.o)
 *(.rodata*)
 .rodata.str1.1
                0x00800241      0x2b3 main.o
 .rodata.str1.1
                0x008004f4        0x5 VIA_FreeRTOS_AVRMEGA-master/src/tasks.o
 .rodata.str1.1
                0x008004f9        0x8 VIA_FreeRTOS_AVRMEGA-master/src/timers.o
 .rodata.str1.1
                0x00800501       0x1f ../Lib_files/Stdio_lib\libIotLibrary.a(led.o)
 .rodata.str1.1
                0x00800520      0x27f ../Lib_files/Stdio_lib\libIotLibrary.a(lora_driver.o)
                                0x28f (size before relaxing)
 .rodata._join_mode
                0x0080079f        0x4 ../Lib_files/Stdio_lib\libIotLibrary.a(lora_driver.o)
 .rodata._return_code
                0x008007a3       0x33 ../Lib_files/Stdio_lib\libIotLibrary.a(lora_driver.o)
                0x008007a3                _return_code
 *(.gnu.linkonce.r*)
                0x008007d6                . = ALIGN (0x2)
                0x008007d6                _edata = .
                0x008007d6                PROVIDE (__data_end, .)

.bss            0x008007d6      0x27e
                0x008007d6                PROVIDE (__bss_start, .)
 *(.bss)
 *(.bss*)
 .bss.semaphore
                0x008007d6        0x2 main.o
                0x008007d6                semaphore
 .bss.loRaWanHandle
                0x008007d8        0x2 main.o
                0x008007d8                loRaWanHandle
 .bss.tempSensorHandle
                0x008007da        0x2 main.o
                0x008007da                tempSensorHandle
 .bss.uxSchedulerSuspended
                0x008007dc        0x1 VIA_FreeRTOS_AVRMEGA-master/src/tasks.o
 .bss.xIdleTaskHandle
                0x008007dd        0x2 VIA_FreeRTOS_AVRMEGA-master/src/tasks.o
 .bss.xNextTaskUnblockTime
                0x008007df        0x2 VIA_FreeRTOS_AVRMEGA-master/src/tasks.o
 .bss.uxTaskNumber
                0x008007e1        0x1 VIA_FreeRTOS_AVRMEGA-master/src/tasks.o
 .bss.xNumOfOverflows
                0x008007e2        0x1 VIA_FreeRTOS_AVRMEGA-master/src/tasks.o
 .bss.xYieldPending
                0x008007e3        0x1 VIA_FreeRTOS_AVRMEGA-master/src/tasks.o
 .bss.uxPendedTicks
                0x008007e4        0x1 VIA_FreeRTOS_AVRMEGA-master/src/tasks.o
 .bss.xSchedulerRunning
                0x008007e5        0x1 VIA_FreeRTOS_AVRMEGA-master/src/tasks.o
 .bss.uxTopReadyPriority
                0x008007e6        0x1 VIA_FreeRTOS_AVRMEGA-master/src/tasks.o
 .bss.xTickCount
                0x008007e7        0x2 VIA_FreeRTOS_AVRMEGA-master/src/tasks.o
 .bss.uxCurrentNumberOfTasks
                0x008007e9        0x1 VIA_FreeRTOS_AVRMEGA-master/src/tasks.o
 .bss.xSuspendedTaskList
                0x008007ea        0x9 VIA_FreeRTOS_AVRMEGA-master/src/tasks.o
 .bss.uxDeletedTasksWaitingCleanUp
                0x008007f3        0x1 VIA_FreeRTOS_AVRMEGA-master/src/tasks.o
 .bss.xTasksWaitingTermination
                0x008007f4        0x9 VIA_FreeRTOS_AVRMEGA-master/src/tasks.o
 .bss.xPendingReadyList
                0x008007fd        0x9 VIA_FreeRTOS_AVRMEGA-master/src/tasks.o
 .bss.pxOverflowDelayedTaskList
                0x00800806        0x2 VIA_FreeRTOS_AVRMEGA-master/src/tasks.o
 .bss.pxDelayedTaskList
                0x00800808        0x2 VIA_FreeRTOS_AVRMEGA-master/src/tasks.o
 .bss.xDelayedTaskList2
                0x0080080a        0x9 VIA_FreeRTOS_AVRMEGA-master/src/tasks.o
 .bss.xDelayedTaskList1
                0x00800813        0x9 VIA_FreeRTOS_AVRMEGA-master/src/tasks.o
 .bss.pxReadyTasksLists
                0x0080081c       0x24 VIA_FreeRTOS_AVRMEGA-master/src/tasks.o
 .bss.pxCurrentTCB
                0x00800840        0x2 VIA_FreeRTOS_AVRMEGA-master/src/tasks.o
                0x00800840                pxCurrentTCB
 .bss.xLastTime.2432
                0x00800842        0x2 VIA_FreeRTOS_AVRMEGA-master/src/timers.o
 .bss.xTimerTaskHandle
                0x00800844        0x2 VIA_FreeRTOS_AVRMEGA-master/src/timers.o
 .bss.xTimerQueue
                0x00800846        0x2 VIA_FreeRTOS_AVRMEGA-master/src/timers.o
 .bss.pxOverflowTimerList
                0x00800848        0x2 VIA_FreeRTOS_AVRMEGA-master/src/timers.o
 .bss.pxCurrentTimerList
                0x0080084a        0x2 VIA_FreeRTOS_AVRMEGA-master/src/timers.o
 .bss.xActiveTimerList2
                0x0080084c        0x9 VIA_FreeRTOS_AVRMEGA-master/src/timers.o
 .bss.xActiveTimerList1
                0x00800855        0x9 VIA_FreeRTOS_AVRMEGA-master/src/timers.o
 .bss._com_serial_instance
                0x0080085e        0x2 ../Lib_files/Stdio_lib\libserialLib.a(stdio_driver.o)
 .bss._ser_handle
                0x00800860        0x8 ../Lib_files/Stdio_lib\libserialLib.a(serial.o)
 .bss._measuringIsReady
                0x00800868        0x1 ../Lib_files/Stdio_lib\libIotLibrary.a(hih8120.o)
 .bss._hih8120Handler
                0x00800869        0x2 ../Lib_files/Stdio_lib\libIotLibrary.a(hih8120.o)
 .bss._led_status
                0x0080086b       0x18 ../Lib_files/Stdio_lib\libIotLibrary.a(led.o)
 .bss._tmp_buf.2919
                0x00800883       0x64 ../Lib_files/Stdio_lib\libIotLibrary.a(lora_driver.o)
 .bss.rec_buf_inp.2926
                0x008008e7        0x1 ../Lib_files/Stdio_lib\libIotLibrary.a(lora_driver.o)
 .bss._reply_buffer_handle
                0x008008e8        0x2 ../Lib_files/Stdio_lib\libIotLibrary.a(lora_driver.o)
 .bss._rn2483_serial
                0x008008ea        0x2 ../Lib_files/Stdio_lib\libIotLibrary.a(lora_driver.o)
 .bss._downlink_payload
                0x008008ec       0x16 ../Lib_files/Stdio_lib\libIotLibrary.a(lora_driver.o)
 .bss._pay_load_hex_bytes
                0x00800902       0x15 ../Lib_files/Stdio_lib\libIotLibrary.a(lora_driver.o)
 .bss._rec_message_buf
                0x00800917       0x2d ../Lib_files/Stdio_lib\libIotLibrary.a(lora_driver.o)
 .bss._send_message
                0x00800944       0x2d ../Lib_files/Stdio_lib\libIotLibrary.a(lora_driver.o)
 .bss._reply_mess
                0x00800971       0x2d ../Lib_files/Stdio_lib\libIotLibrary.a(lora_driver.o)
 .bss.data.1940
                0x0080099e        0x2 ../Lib_files/Stdio_lib\libIotLibrary.a(mh_z19.o)
 .bss.inDex.1939
                0x008009a0        0x1 ../Lib_files/Stdio_lib\libIotLibrary.a(mh_z19.o)
 .bss.crc_sum.1941
                0x008009a1        0x1 ../Lib_files/Stdio_lib\libIotLibrary.a(mh_z19.o)
 .bss._app_call_back
                0x008009a2        0x2 ../Lib_files/Stdio_lib\libIotLibrary.a(mh_z19.o)
 .bss._mh_state
                0x008009a4        0x1 ../Lib_files/Stdio_lib\libIotLibrary.a(mh_z19.o)
                0x008009a4                _mh_state
 .bss._ppm      0x008009a5        0x2 ../Lib_files/Stdio_lib\libIotLibrary.a(mh_z19.o)
 .bss._serial   0x008009a7        0x2 ../Lib_files/Stdio_lib\libIotLibrary.a(mh_z19.o)
 .bss._infraredRaw
                0x008009a9        0x2 ../Lib_files/Stdio_lib\libIotLibrary.a(tsl2591.o)
 .bss._fullSpectrumRaw
                0x008009ab        0x2 ../Lib_files/Stdio_lib\libIotLibrary.a(tsl2591.o)
 .bss._deviceId
                0x008009ad        0x1 ../Lib_files/Stdio_lib\libIotLibrary.a(tsl2591.o)
 .bss._currentIntegrationTime
                0x008009ae        0x1 ../Lib_files/Stdio_lib\libIotLibrary.a(tsl2591.o)
 .bss._currentGain
                0x008009af        0x1 ../Lib_files/Stdio_lib\libIotLibrary.a(tsl2591.o)
 .bss._nextState
                0x008009b0        0x1 ../Lib_files/Stdio_lib\libIotLibrary.a(tsl2591.o)
 .bss._callBackFunction
                0x008009b1        0x2 ../Lib_files/Stdio_lib\libIotLibrary.a(tsl2591.o)
 .bss._twiHandler
                0x008009b3        0x2 ../Lib_files/Stdio_lib\libIotLibrary.a(tsl2591.o)
 .bss._index.1885
                0x008009b5        0x1 ../Lib_files/Stdio_lib\libIotLibrary.a(twi.o)
 .bss._twiCurrentHandler
                0x008009b6        0x2 ../Lib_files/Stdio_lib\libIotLibrary.a(twi.o)
 .bss._twiMessageLen
                0x008009b8        0x1 ../Lib_files/Stdio_lib\libIotLibrary.a(twi.o)
 .bss._twiMessageBuffer
                0x008009b9        0xa ../Lib_files/Stdio_lib\libIotLibrary.a(twi.o)
 .bss._twiIsInitiated
                0x008009c3        0x1 ../Lib_files/Stdio_lib\libIotLibrary.a(twi.o)
 *(COMMON)
 COMMON         0x008009c4       0x70 main.o
                0x008009c4                _out_buff
                0x00800a28                plantdata
                0x00800a32                lastWateringTime
 COMMON         0x00800a34       0x16 ../Lib_files/Stdio_lib\libIotLibrary.a(hal.o)
                0x00800a34                register_access
 COMMON         0x00800a4a        0x4 c:/program files (x86)/atmel/studio/7.0/toolchain/avr8/avr8-gnu-toolchain/bin/../lib/gcc/avr/5.4.0/../../../../avr/lib/avr6\libc.a(malloc.o)
                0x00800a4a                __brkval
                0x00800a4c                __flp
 COMMON         0x00800a4e        0x6 c:/program files (x86)/atmel/studio/7.0/toolchain/avr8/avr8-gnu-toolchain/bin/../lib/gcc/avr/5.4.0/../../../../avr/lib/avr6\libc.a(iob.o)
                0x00800a4e                __iob
                0x00800a54                PROVIDE (__bss_end, .)
                0x0000532c                __data_load_start = LOADADDR (.data)
                0x00005902                __data_load_end = (__data_load_start + SIZEOF (.data))

.noinit         0x00800a54        0x0
                [!provide]                PROVIDE (__noinit_start, .)
 *(.noinit*)
                [!provide]                PROVIDE (__noinit_end, .)
                0x00800a54                _end = .
                0x00800a54                PROVIDE (__heap_start, .)

.eeprom         0x00810000        0x0
 *(.eeprom*)
                0x00810000                __eeprom_end = .

.fuse
 *(.fuse)
 *(.lfuse)
 *(.hfuse)
 *(.efuse)

.lock
 *(.lock*)

.signature
 *(.signature*)

.user_signatures
 *(.user_signatures*)

.stab
 *(.stab)

.stabstr
 *(.stabstr)

.stab.excl
 *(.stab.excl)

.stab.exclstr
 *(.stab.exclstr)

.stab.index
 *(.stab.index)

.stab.indexstr
 *(.stab.indexstr)

.comment        0x00000000       0x5c
 *(.comment)
 .comment       0x00000000       0x30 main.o
                                 0x31 (size before relaxing)
 .comment       0x00000030       0x31 VIA_FreeRTOS_AVRMEGA-master/FreeRTOSTraceDriver/FreeRTOSTraceDriver.o
 .comment       0x00000030       0x31 VIA_FreeRTOS_AVRMEGA-master/src/heap_3.o
 .comment       0x00000030       0x31 VIA_FreeRTOS_AVRMEGA-master/src/list.o
 .comment       0x00000030       0x31 VIA_FreeRTOS_AVRMEGA-master/src/port.o
 .comment       0x00000030       0x31 VIA_FreeRTOS_AVRMEGA-master/src/queue.o
 .comment       0x00000030       0x31 VIA_FreeRTOS_AVRMEGA-master/src/stream_buffer.o
 .comment       0x00000030       0x31 VIA_FreeRTOS_AVRMEGA-master/src/tasks.o
 .comment       0x00000030       0x31 VIA_FreeRTOS_AVRMEGA-master/src/timers.o
 .comment       0x00000030       0x31 VIA_FreeRTOS_AVRMEGA-master/src/variantHooks.o
 .comment       0x00000030       0x31 ../Lib_files/Stdio_lib\libserialLib.a(stdio_driver.o)
 .comment       0x00000030       0x31 ../Lib_files/Stdio_lib\libserialLib.a(serial.o)
 .comment       0x00000030       0x31 ../Lib_files/Stdio_lib\libserialLib.a(fifo.o)
 .comment       0x00000030       0x31 ../Lib_files/Stdio_lib\libIotLibrary.a(hal.o)
 .comment       0x00000030       0x31 ../Lib_files/Stdio_lib\libIotLibrary.a(hih8120.o)
 .comment       0x00000030       0x31 ../Lib_files/Stdio_lib\libIotLibrary.a(led.o)
 .comment       0x00000030       0x31 ../Lib_files/Stdio_lib\libIotLibrary.a(lora_driver.o)
 .comment       0x00000030       0x31 ../Lib_files/Stdio_lib\libIotLibrary.a(lora_driver_utils.o)
 .comment       0x00000030       0x31 ../Lib_files/Stdio_lib\libIotLibrary.a(mega_register_access.o)
 .comment       0x00000030       0x31 ../Lib_files/Stdio_lib\libIotLibrary.a(mh_z19.o)
 .comment       0x00000030       0x31 ../Lib_files/Stdio_lib\libIotLibrary.a(rcServo.o)
 .comment       0x00000030       0x31 ../Lib_files/Stdio_lib\libIotLibrary.a(tsl2591.o)
 .comment       0x00000030       0x31 ../Lib_files/Stdio_lib\libIotLibrary.a(twi.o)
 .comment       0x00000030       0x31 c:/program files (x86)/atmel/studio/7.0/toolchain/avr8/avr8-gnu-toolchain/bin/../lib/gcc/avr/5.4.0/../../../../avr/lib/avr6\libc.a(calloc.o)
 .comment       0x00000030       0x31 c:/program files (x86)/atmel/studio/7.0/toolchain/avr8/avr8-gnu-toolchain/bin/../lib/gcc/avr/5.4.0/../../../../avr/lib/avr6\libc.a(malloc.o)
 .comment       0x00000030       0x31 c:/program files (x86)/atmel/studio/7.0/toolchain/avr8/avr8-gnu-toolchain/bin/../lib/gcc/avr/5.4.0/../../../../avr/lib/avr6\libc.a(iob.o)
 .comment       0x00000030       0x31 c:/program files (x86)/atmel/studio/7.0/toolchain/avr8/avr8-gnu-toolchain/bin/../lib/gcc/avr/5.4.0/../../../../avr/lib/avr6\libc.a(printf.o)
 .comment       0x00000030       0x31 c:/program files (x86)/atmel/studio/7.0/toolchain/avr8/avr8-gnu-toolchain/bin/../lib/gcc/avr/5.4.0/../../../../avr/lib/avr6\libc.a(puts.o)
 .comment       0x00000030       0x31 c:/program files (x86)/atmel/studio/7.0/toolchain/avr8/avr8-gnu-toolchain/bin/../lib/gcc/avr/5.4.0/../../../../avr/lib/avr6\libc.a(sprintf.o)
 .comment       0x00000030       0x2c c:/program files (x86)/atmel/studio/7.0/toolchain/avr8/avr8-gnu-toolchain/bin/../lib/gcc/avr/5.4.0/../../../../avr/lib/avr6\libc.a(vfprintf_std.o)
                                 0x2d (size before relaxing)
 .comment       0x0000005c       0x31 c:/program files (x86)/atmel/studio/7.0/toolchain/avr8/avr8-gnu-toolchain/bin/../lib/gcc/avr/5.4.0/../../../../avr/lib/avr6\libc.a(fputc.o)

.note.gnu.avr.deviceinfo
                0x00000000       0x40
 .note.gnu.avr.deviceinfo
                0x00000000       0x40 C:/Program Files (x86)/Atmel/Studio/7.0/Packs/atmel/ATmega_DFP/1.2.209/gcc/dev/atmega2560/avr6/crtatmega2560.o

.note.gnu.build-id
 *(.note.gnu.build-id)

.debug
 *(.debug)

.line
 *(.line)

.debug_srcinfo
 *(.debug_srcinfo)

.debug_sfnames
 *(.debug_sfnames)

.debug_aranges  0x00000000      0xab0
 *(.debug_aranges)
 .debug_aranges
                0x00000000       0x60 main.o
 .debug_aranges
                0x00000060       0x30 VIA_FreeRTOS_AVRMEGA-master/FreeRTOSTraceDriver/FreeRTOSTraceDriver.o
 .debug_aranges
                0x00000090       0x28 VIA_FreeRTOS_AVRMEGA-master/src/heap_3.o
 .debug_aranges
                0x000000b8       0x40 VIA_FreeRTOS_AVRMEGA-master/src/list.o
 .debug_aranges
                0x000000f8       0x48 VIA_FreeRTOS_AVRMEGA-master/src/port.o
 .debug_aranges
                0x00000140       0xf8 VIA_FreeRTOS_AVRMEGA-master/src/queue.o
 .debug_aranges
                0x00000238       0xc8 VIA_FreeRTOS_AVRMEGA-master/src/stream_buffer.o
 .debug_aranges
                0x00000300      0x1d8 VIA_FreeRTOS_AVRMEGA-master/src/tasks.o
 .debug_aranges
                0x000004d8       0xa0 VIA_FreeRTOS_AVRMEGA-master/src/timers.o
 .debug_aranges
                0x00000578       0x30 VIA_FreeRTOS_AVRMEGA-master/src/variantHooks.o
 .debug_aranges
                0x000005a8       0x38 ../Lib_files/Stdio_lib\libserialLib.a(stdio_driver.o)
 .debug_aranges
                0x000005e0       0x90 ../Lib_files/Stdio_lib\libserialLib.a(serial.o)
 .debug_aranges
                0x00000670       0x20 ../Lib_files/Stdio_lib\libserialLib.a(fifo.o)
 .debug_aranges
                0x00000690       0x20 ../Lib_files/Stdio_lib\libIotLibrary.a(hal.o)
 .debug_aranges
                0x000006b0       0x68 ../Lib_files/Stdio_lib\libIotLibrary.a(hih8120.o)
 .debug_aranges
                0x00000718       0x68 ../Lib_files/Stdio_lib\libIotLibrary.a(led.o)
 .debug_aranges
                0x00000780      0x128 ../Lib_files/Stdio_lib\libIotLibrary.a(lora_driver.o)
 .debug_aranges
                0x000008a8       0x28 ../Lib_files/Stdio_lib\libIotLibrary.a(lora_driver_utils.o)
 .debug_aranges
                0x000008d0       0x70 ../Lib_files/Stdio_lib\libIotLibrary.a(mega_register_access.o)
 .debug_aranges
                0x00000940       0x50 ../Lib_files/Stdio_lib\libIotLibrary.a(mh_z19.o)
 .debug_aranges
                0x00000990       0x28 ../Lib_files/Stdio_lib\libIotLibrary.a(rcServo.o)
 .debug_aranges
                0x000009b8       0xa8 ../Lib_files/Stdio_lib\libIotLibrary.a(tsl2591.o)
 .debug_aranges
                0x00000a60       0x50 ../Lib_files/Stdio_lib\libIotLibrary.a(twi.o)

.debug_pubnames
 *(.debug_pubnames)

.debug_info     0x00000000     0xd8f1
 *(.debug_info .gnu.linkonce.wi.*)
 .debug_info    0x00000000      0xbbc C:/Program Files (x86)/Atmel/Studio/7.0/Packs/atmel/ATmega_DFP/1.2.209/gcc/dev/atmega2560/avr6/crtatmega2560.o
 .debug_info    0x00000bbc      0xe4c main.o
 .debug_info    0x00001a08       0xd3 VIA_FreeRTOS_AVRMEGA-master/FreeRTOSTraceDriver/FreeRTOSTraceDriver.o
 .debug_info    0x00001adb      0x19f VIA_FreeRTOS_AVRMEGA-master/src/heap_3.o
 .debug_info    0x00001c7a      0x2df VIA_FreeRTOS_AVRMEGA-master/src/list.o
 .debug_info    0x00001f59      0x284 VIA_FreeRTOS_AVRMEGA-master/src/port.o
 .debug_info    0x000021dd     0x18fc VIA_FreeRTOS_AVRMEGA-master/src/queue.o
 .debug_info    0x00003ad9     0x14b9 VIA_FreeRTOS_AVRMEGA-master/src/stream_buffer.o
 .debug_info    0x00004f92     0x27ae VIA_FreeRTOS_AVRMEGA-master/src/tasks.o
 .debug_info    0x00007740     0x1077 VIA_FreeRTOS_AVRMEGA-master/src/timers.o
 .debug_info    0x000087b7      0x1ba VIA_FreeRTOS_AVRMEGA-master/src/variantHooks.o
 .debug_info    0x00008971      0x39c ../Lib_files/Stdio_lib\libserialLib.a(stdio_driver.o)
 .debug_info    0x00008d0d      0xdb3 ../Lib_files/Stdio_lib\libserialLib.a(serial.o)
 .debug_info    0x00009ac0      0x1c3 ../Lib_files/Stdio_lib\libserialLib.a(fifo.o)
 .debug_info    0x00009c83      0x20d ../Lib_files/Stdio_lib\libIotLibrary.a(hal.o)
 .debug_info    0x00009e90      0x3a9 ../Lib_files/Stdio_lib\libIotLibrary.a(hih8120.o)
 .debug_info    0x0000a239      0x6f9 ../Lib_files/Stdio_lib\libIotLibrary.a(led.o)
 .debug_info    0x0000a932     0x165d ../Lib_files/Stdio_lib\libIotLibrary.a(lora_driver.o)
 .debug_info    0x0000bf8f      0x143 ../Lib_files/Stdio_lib\libIotLibrary.a(lora_driver_utils.o)
 .debug_info    0x0000c0d2      0x2e1 ../Lib_files/Stdio_lib\libIotLibrary.a(mega_register_access.o)
 .debug_info    0x0000c3b3      0x538 ../Lib_files/Stdio_lib\libIotLibrary.a(mh_z19.o)
 .debug_info    0x0000c8eb      0x10f ../Lib_files/Stdio_lib\libIotLibrary.a(rcServo.o)
 .debug_info    0x0000c9fa      0x99a ../Lib_files/Stdio_lib\libIotLibrary.a(tsl2591.o)
 .debug_info    0x0000d394      0x55d ../Lib_files/Stdio_lib\libIotLibrary.a(twi.o)

.debug_abbrev   0x00000000     0x350f
 *(.debug_abbrev)
 .debug_abbrev  0x00000000      0xb1a C:/Program Files (x86)/Atmel/Studio/7.0/Packs/atmel/ATmega_DFP/1.2.209/gcc/dev/atmega2560/avr6/crtatmega2560.o
 .debug_abbrev  0x00000b1a      0x220 main.o
 .debug_abbrev  0x00000d3a       0x92 VIA_FreeRTOS_AVRMEGA-master/FreeRTOSTraceDriver/FreeRTOSTraceDriver.o
 .debug_abbrev  0x00000dcc      0x107 VIA_FreeRTOS_AVRMEGA-master/src/heap_3.o
 .debug_abbrev  0x00000ed3       0xff VIA_FreeRTOS_AVRMEGA-master/src/list.o
 .debug_abbrev  0x00000fd2      0x158 VIA_FreeRTOS_AVRMEGA-master/src/port.o
 .debug_abbrev  0x0000112a      0x2d8 VIA_FreeRTOS_AVRMEGA-master/src/queue.o
 .debug_abbrev  0x00001402      0x2b4 VIA_FreeRTOS_AVRMEGA-master/src/stream_buffer.o
 .debug_abbrev  0x000016b6      0x359 VIA_FreeRTOS_AVRMEGA-master/src/tasks.o
 .debug_abbrev  0x00001a0f      0x30f VIA_FreeRTOS_AVRMEGA-master/src/timers.o
 .debug_abbrev  0x00001d1e      0x101 VIA_FreeRTOS_AVRMEGA-master/src/variantHooks.o
 .debug_abbrev  0x00001e1f      0x1be ../Lib_files/Stdio_lib\libserialLib.a(stdio_driver.o)
 .debug_abbrev  0x00001fdd      0x364 ../Lib_files/Stdio_lib\libserialLib.a(serial.o)
 .debug_abbrev  0x00002341       0xe8 ../Lib_files/Stdio_lib\libserialLib.a(fifo.o)
 .debug_abbrev  0x00002429       0xff ../Lib_files/Stdio_lib\libIotLibrary.a(hal.o)
 .debug_abbrev  0x00002528      0x184 ../Lib_files/Stdio_lib\libIotLibrary.a(hih8120.o)
 .debug_abbrev  0x000026ac      0x228 ../Lib_files/Stdio_lib\libIotLibrary.a(led.o)
 .debug_abbrev  0x000028d4      0x382 ../Lib_files/Stdio_lib\libIotLibrary.a(lora_driver.o)
 .debug_abbrev  0x00002c56       0xc0 ../Lib_files/Stdio_lib\libIotLibrary.a(lora_driver_utils.o)
 .debug_abbrev  0x00002d16       0xd3 ../Lib_files/Stdio_lib\libIotLibrary.a(mega_register_access.o)
 .debug_abbrev  0x00002de9      0x20f ../Lib_files/Stdio_lib\libIotLibrary.a(mh_z19.o)
 .debug_abbrev  0x00002ff8       0xbc ../Lib_files/Stdio_lib\libIotLibrary.a(rcServo.o)
 .debug_abbrev  0x000030b4      0x244 ../Lib_files/Stdio_lib\libIotLibrary.a(tsl2591.o)
 .debug_abbrev  0x000032f8      0x217 ../Lib_files/Stdio_lib\libIotLibrary.a(twi.o)

.debug_line     0x00000000     0x666c
 *(.debug_line .debug_line.* .debug_line_end)
 .debug_line    0x00000000      0x1f9 C:/Program Files (x86)/Atmel/Studio/7.0/Packs/atmel/ATmega_DFP/1.2.209/gcc/dev/atmega2560/avr6/crtatmega2560.o
 .debug_line    0x000001f9      0x508 main.o
 .debug_line    0x00000701      0x110 VIA_FreeRTOS_AVRMEGA-master/FreeRTOSTraceDriver/FreeRTOSTraceDriver.o
 .debug_line    0x00000811      0x188 VIA_FreeRTOS_AVRMEGA-master/src/heap_3.o
 .debug_line    0x00000999      0x1ed VIA_FreeRTOS_AVRMEGA-master/src/list.o
 .debug_line    0x00000b86      0x325 VIA_FreeRTOS_AVRMEGA-master/src/port.o
 .debug_line    0x00000eab      0xc0d VIA_FreeRTOS_AVRMEGA-master/src/queue.o
 .debug_line    0x00001ab8      0x7b7 VIA_FreeRTOS_AVRMEGA-master/src/stream_buffer.o
 .debug_line    0x0000226f     0x1669 VIA_FreeRTOS_AVRMEGA-master/src/tasks.o
 .debug_line    0x000038d8      0x575 VIA_FreeRTOS_AVRMEGA-master/src/timers.o
 .debug_line    0x00003e4d      0x19d VIA_FreeRTOS_AVRMEGA-master/src/variantHooks.o
 .debug_line    0x00003fea      0x12f ../Lib_files/Stdio_lib\libserialLib.a(stdio_driver.o)
 .debug_line    0x00004119      0x620 ../Lib_files/Stdio_lib\libserialLib.a(serial.o)
 .debug_line    0x00004739      0x10e ../Lib_files/Stdio_lib\libserialLib.a(fifo.o)
 .debug_line    0x00004847       0xff ../Lib_files/Stdio_lib\libIotLibrary.a(hal.o)
 .debug_line    0x00004946      0x246 ../Lib_files/Stdio_lib\libIotLibrary.a(hih8120.o)
 .debug_line    0x00004b8c      0x32c ../Lib_files/Stdio_lib\libIotLibrary.a(led.o)
 .debug_line    0x00004eb8      0x8df ../Lib_files/Stdio_lib\libIotLibrary.a(lora_driver.o)
 .debug_line    0x00005797      0x194 ../Lib_files/Stdio_lib\libIotLibrary.a(lora_driver_utils.o)
 .debug_line    0x0000592b      0x1af ../Lib_files/Stdio_lib\libIotLibrary.a(mega_register_access.o)
 .debug_line    0x00005ada      0x2d6 ../Lib_files/Stdio_lib\libIotLibrary.a(mh_z19.o)
 .debug_line    0x00005db0       0xfb ../Lib_files/Stdio_lib\libIotLibrary.a(rcServo.o)
 .debug_line    0x00005eab      0x4bb ../Lib_files/Stdio_lib\libIotLibrary.a(tsl2591.o)
 .debug_line    0x00006366      0x306 ../Lib_files/Stdio_lib\libIotLibrary.a(twi.o)

.debug_frame    0x00000000     0x2348
 *(.debug_frame)
 .debug_frame   0x00000000      0x228 main.o
 .debug_frame   0x00000228       0x44 VIA_FreeRTOS_AVRMEGA-master/FreeRTOSTraceDriver/FreeRTOSTraceDriver.o
 .debug_frame   0x0000026c       0x4c VIA_FreeRTOS_AVRMEGA-master/src/heap_3.o
 .debug_frame   0x000002b8       0x88 VIA_FreeRTOS_AVRMEGA-master/src/list.o
 .debug_frame   0x00000340       0x74 VIA_FreeRTOS_AVRMEGA-master/src/port.o
 .debug_frame   0x000003b4      0x3cc VIA_FreeRTOS_AVRMEGA-master/src/queue.o
 .debug_frame   0x00000780      0x3c8 VIA_FreeRTOS_AVRMEGA-master/src/stream_buffer.o
 .debug_frame   0x00000b48      0x69c VIA_FreeRTOS_AVRMEGA-master/src/tasks.o
 .debug_frame   0x000011e4      0x1cc VIA_FreeRTOS_AVRMEGA-master/src/timers.o
 .debug_frame   0x000013b0       0x44 VIA_FreeRTOS_AVRMEGA-master/src/variantHooks.o
 .debug_frame   0x000013f4       0x84 ../Lib_files/Stdio_lib\libserialLib.a(stdio_driver.o)
 .debug_frame   0x00001478      0x384 ../Lib_files/Stdio_lib\libserialLib.a(serial.o)
 .debug_frame   0x000017fc       0x24 ../Lib_files/Stdio_lib\libserialLib.a(fifo.o)
 .debug_frame   0x00001820       0x24 ../Lib_files/Stdio_lib\libIotLibrary.a(hal.o)
 .debug_frame   0x00001844       0xc0 ../Lib_files/Stdio_lib\libIotLibrary.a(hih8120.o)
 .debug_frame   0x00001904      0x11c ../Lib_files/Stdio_lib\libIotLibrary.a(led.o)
 .debug_frame   0x00001a20      0x3d8 ../Lib_files/Stdio_lib\libIotLibrary.a(lora_driver.o)
 .debug_frame   0x00001df8       0x48 ../Lib_files/Stdio_lib\libIotLibrary.a(lora_driver_utils.o)
 .debug_frame   0x00001e40       0xc4 ../Lib_files/Stdio_lib\libIotLibrary.a(mega_register_access.o)
 .debug_frame   0x00001f04       0xf8 ../Lib_files/Stdio_lib\libIotLibrary.a(mh_z19.o)
 .debug_frame   0x00001ffc       0x34 ../Lib_files/Stdio_lib\libIotLibrary.a(rcServo.o)
 .debug_frame   0x00002030      0x1ec ../Lib_files/Stdio_lib\libIotLibrary.a(tsl2591.o)
 .debug_frame   0x0000221c      0x12c ../Lib_files/Stdio_lib\libIotLibrary.a(twi.o)

.debug_str      0x00000000     0x4624
 *(.debug_str)
 .debug_str     0x00000000      0x3e6 C:/Program Files (x86)/Atmel/Studio/7.0/Packs/atmel/ATmega_DFP/1.2.209/gcc/dev/atmega2560/avr6/crtatmega2560.o
 .debug_str     0x000003e6      0x940 main.o
                                0x99e (size before relaxing)
 .debug_str     0x00000d26       0x7b VIA_FreeRTOS_AVRMEGA-master/FreeRTOSTraceDriver/FreeRTOSTraceDriver.o
                                0x1da (size before relaxing)
 .debug_str     0x00000da1       0xa7 VIA_FreeRTOS_AVRMEGA-master/src/heap_3.o
                                0x20c (size before relaxing)
 .debug_str     0x00000e48      0x153 VIA_FreeRTOS_AVRMEGA-master/src/list.o
                                0x2d7 (size before relaxing)
 .debug_str     0x00000f9b      0x130 VIA_FreeRTOS_AVRMEGA-master/src/port.o
                                0x2c4 (size before relaxing)
 .debug_str     0x000010cb      0x686 VIA_FreeRTOS_AVRMEGA-master/src/queue.o
                                0x9cd (size before relaxing)
 .debug_str     0x00001751      0x554 VIA_FreeRTOS_AVRMEGA-master/src/stream_buffer.o
                                0x83c (size before relaxing)
 .debug_str     0x00001ca5      0xaf2 VIA_FreeRTOS_AVRMEGA-master/src/tasks.o
                               0x1178 (size before relaxing)
 .debug_str     0x00002797      0x452 VIA_FreeRTOS_AVRMEGA-master/src/timers.o
                                0x865 (size before relaxing)
 .debug_str     0x00002be9       0x74 VIA_FreeRTOS_AVRMEGA-master/src/variantHooks.o
                                0x26b (size before relaxing)
 .debug_str     0x00002c5d      0x23e ../Lib_files/Stdio_lib\libserialLib.a(stdio_driver.o)
                                0x37b (size before relaxing)
 .debug_str     0x00002e9b      0x2e8 ../Lib_files/Stdio_lib\libserialLib.a(serial.o)
                                0x63c (size before relaxing)
 .debug_str     0x00003183       0x15 ../Lib_files/Stdio_lib\libserialLib.a(fifo.o)
                                0x23a (size before relaxing)
 .debug_str     0x00003198       0xc3 ../Lib_files/Stdio_lib\libIotLibrary.a(hal.o)
                                0x278 (size before relaxing)
 .debug_str     0x0000325b      0x1e8 ../Lib_files/Stdio_lib\libIotLibrary.a(hih8120.o)
                                0x44a (size before relaxing)
 .debug_str     0x00003443      0x143 ../Lib_files/Stdio_lib\libIotLibrary.a(led.o)
                                0x3d2 (size before relaxing)
 .debug_str     0x00003586      0x49e ../Lib_files/Stdio_lib\libIotLibrary.a(lora_driver.o)
                                0xc93 (size before relaxing)
 .debug_str     0x00003a24       0x46 ../Lib_files/Stdio_lib\libIotLibrary.a(lora_driver_utils.o)
                                0x205 (size before relaxing)
 .debug_str     0x00003a6a       0xda ../Lib_files/Stdio_lib\libIotLibrary.a(mega_register_access.o)
                                0x252 (size before relaxing)
 .debug_str     0x00003b44      0x122 ../Lib_files/Stdio_lib\libIotLibrary.a(mh_z19.o)
                                0x47a (size before relaxing)
 .debug_str     0x00003c66       0x3a ../Lib_files/Stdio_lib\libIotLibrary.a(rcServo.o)
                                0x1d0 (size before relaxing)
 .debug_str     0x00003ca0      0x6b0 ../Lib_files/Stdio_lib\libIotLibrary.a(tsl2591.o)
                                0xa95 (size before relaxing)
 .debug_str     0x00004350      0x2d4 ../Lib_files/Stdio_lib\libIotLibrary.a(twi.o)
                                0x5a8 (size before relaxing)

.debug_loc      0x00000000     0xc0ac
 *(.debug_loc)
 .debug_loc     0x00000000      0x8a8 main.o
 .debug_loc     0x000008a8       0x42 VIA_FreeRTOS_AVRMEGA-master/FreeRTOSTraceDriver/FreeRTOSTraceDriver.o
 .debug_loc     0x000008ea      0x102 VIA_FreeRTOS_AVRMEGA-master/src/heap_3.o
 .debug_loc     0x000009ec      0x145 VIA_FreeRTOS_AVRMEGA-master/src/list.o
 .debug_loc     0x00000b31      0x2af VIA_FreeRTOS_AVRMEGA-master/src/port.o
 .debug_loc     0x00000de0     0x1dc0 VIA_FreeRTOS_AVRMEGA-master/src/queue.o
 .debug_loc     0x00002ba0     0x1e4d VIA_FreeRTOS_AVRMEGA-master/src/stream_buffer.o
 .debug_loc     0x000049ed     0x2e78 VIA_FreeRTOS_AVRMEGA-master/src/tasks.o
 .debug_loc     0x00007865      0xbed VIA_FreeRTOS_AVRMEGA-master/src/timers.o
 .debug_loc     0x00008452       0xb6 VIA_FreeRTOS_AVRMEGA-master/src/variantHooks.o
 .debug_loc     0x00008508      0x144 ../Lib_files/Stdio_lib\libserialLib.a(stdio_driver.o)
 .debug_loc     0x0000864c     0x1080 ../Lib_files/Stdio_lib\libserialLib.a(serial.o)
 .debug_loc     0x000096cc      0x15e ../Lib_files/Stdio_lib\libserialLib.a(fifo.o)
 .debug_loc     0x0000982a       0x2c ../Lib_files/Stdio_lib\libIotLibrary.a(hal.o)
 .debug_loc     0x00009856       0x9f ../Lib_files/Stdio_lib\libIotLibrary.a(hih8120.o)
 .debug_loc     0x000098f5      0x390 ../Lib_files/Stdio_lib\libIotLibrary.a(led.o)
 .debug_loc     0x00009c85      0xf7c ../Lib_files/Stdio_lib\libIotLibrary.a(lora_driver.o)
 .debug_loc     0x0000ac01      0x1d2 ../Lib_files/Stdio_lib\libIotLibrary.a(lora_driver_utils.o)
 .debug_loc     0x0000add3       0xe9 ../Lib_files/Stdio_lib\libIotLibrary.a(mega_register_access.o)
 .debug_loc     0x0000aebc      0x3cd ../Lib_files/Stdio_lib\libIotLibrary.a(mh_z19.o)
 .debug_loc     0x0000b289       0x2f ../Lib_files/Stdio_lib\libIotLibrary.a(rcServo.o)
 .debug_loc     0x0000b2b8      0x87f ../Lib_files/Stdio_lib\libIotLibrary.a(tsl2591.o)
 .debug_loc     0x0000bb37      0x575 ../Lib_files/Stdio_lib\libIotLibrary.a(twi.o)

.debug_macinfo
 *(.debug_macinfo)

.debug_weaknames
 *(.debug_weaknames)

.debug_funcnames
 *(.debug_funcnames)

.debug_typenames
 *(.debug_typenames)

.debug_varnames
 *(.debug_varnames)

.debug_pubtypes
 *(.debug_pubtypes)

.debug_ranges   0x00000000      0xad8
 *(.debug_ranges)
 .debug_ranges  0x00000000       0x50 main.o
 .debug_ranges  0x00000050       0x20 VIA_FreeRTOS_AVRMEGA-master/FreeRTOSTraceDriver/FreeRTOSTraceDriver.o
 .debug_ranges  0x00000070       0x18 VIA_FreeRTOS_AVRMEGA-master/src/heap_3.o
 .debug_ranges  0x00000088       0x30 VIA_FreeRTOS_AVRMEGA-master/src/list.o
 .debug_ranges  0x000000b8       0x38 VIA_FreeRTOS_AVRMEGA-master/src/port.o
 .debug_ranges  0x000000f0      0x178 VIA_FreeRTOS_AVRMEGA-master/src/queue.o
 .debug_ranges  0x00000268       0xb8 VIA_FreeRTOS_AVRMEGA-master/src/stream_buffer.o
 .debug_ranges  0x00000320      0x240 VIA_FreeRTOS_AVRMEGA-master/src/tasks.o
 .debug_ranges  0x00000560       0xf0 VIA_FreeRTOS_AVRMEGA-master/src/timers.o
 .debug_ranges  0x00000650       0x20 VIA_FreeRTOS_AVRMEGA-master/src/variantHooks.o
 .debug_ranges  0x00000670       0x28 ../Lib_files/Stdio_lib\libserialLib.a(stdio_driver.o)
 .debug_ranges  0x00000698       0x98 ../Lib_files/Stdio_lib\libserialLib.a(serial.o)
 .debug_ranges  0x00000730       0x10 ../Lib_files/Stdio_lib\libserialLib.a(fifo.o)
 .debug_ranges  0x00000740       0x10 ../Lib_files/Stdio_lib\libIotLibrary.a(hal.o)
 .debug_ranges  0x00000750       0x58 ../Lib_files/Stdio_lib\libIotLibrary.a(hih8120.o)
 .debug_ranges  0x000007a8       0x58 ../Lib_files/Stdio_lib\libIotLibrary.a(led.o)
 .debug_ranges  0x00000800      0x118 ../Lib_files/Stdio_lib\libIotLibrary.a(lora_driver.o)
 .debug_ranges  0x00000918       0x30 ../Lib_files/Stdio_lib\libIotLibrary.a(lora_driver_utils.o)
 .debug_ranges  0x00000948       0x60 ../Lib_files/Stdio_lib\libIotLibrary.a(mega_register_access.o)
 .debug_ranges  0x000009a8       0x40 ../Lib_files/Stdio_lib\libIotLibrary.a(mh_z19.o)
 .debug_ranges  0x000009e8       0x18 ../Lib_files/Stdio_lib\libIotLibrary.a(rcServo.o)
 .debug_ranges  0x00000a00       0x98 ../Lib_files/Stdio_lib\libIotLibrary.a(tsl2591.o)
 .debug_ranges  0x00000a98       0x40 ../Lib_files/Stdio_lib\libIotLibrary.a(twi.o)

.debug_macro
 *(.debug_macro)
OUTPUT(app.elf elf32-avr)
LOAD linker stubs
